Archive member included to satisfy reference by file (symbol)

g:/develop/atmel/studio/7.0/toolchain/avr8/avr8-gnu-toolchain/bin/../lib/gcc/avr/5.4.0/../../../../avr/lib/avr5\libm.a(addsf3.o)
                              src/libraries/DHT_sensor_library/DHT.o (__subsf3)
g:/develop/atmel/studio/7.0/toolchain/avr8/avr8-gnu-toolchain/bin/../lib/gcc/avr/5.4.0/../../../../avr/lib/avr5\libm.a(addsf3x.o)
                              g:/develop/atmel/studio/7.0/toolchain/avr8/avr8-gnu-toolchain/bin/../lib/gcc/avr/5.4.0/../../../../avr/lib/avr5\libm.a(addsf3.o) (__addsf3x)
g:/develop/atmel/studio/7.0/toolchain/avr8/avr8-gnu-toolchain/bin/../lib/gcc/avr/5.4.0/../../../../avr/lib/avr5\libm.a(cmpsf2.o)
                              src/libraries/DHT_sensor_library/DHT.o (__ltsf2)
g:/develop/atmel/studio/7.0/toolchain/avr8/avr8-gnu-toolchain/bin/../lib/gcc/avr/5.4.0/../../../../avr/lib/avr5\libm.a(fixsfsi.o)
                              Sketch.o (__fixsfsi)
g:/develop/atmel/studio/7.0/toolchain/avr8/avr8-gnu-toolchain/bin/../lib/gcc/avr/5.4.0/../../../../avr/lib/avr5\libm.a(fixunssfsi.o)
                              g:/develop/atmel/studio/7.0/toolchain/avr8/avr8-gnu-toolchain/bin/../lib/gcc/avr/5.4.0/../../../../avr/lib/avr5\libm.a(fixsfsi.o) (__fixunssfsi)
g:/develop/atmel/studio/7.0/toolchain/avr8/avr8-gnu-toolchain/bin/../lib/gcc/avr/5.4.0/../../../../avr/lib/avr5\libm.a(floatsisf.o)
                              src/libraries/Dht_mysens/DHT_mysens.o (__floatunsisf)
g:/develop/atmel/studio/7.0/toolchain/avr8/avr8-gnu-toolchain/bin/../lib/gcc/avr/5.4.0/../../../../avr/lib/avr5\libm.a(fp_cmp.o)
                              g:/develop/atmel/studio/7.0/toolchain/avr8/avr8-gnu-toolchain/bin/../lib/gcc/avr/5.4.0/../../../../avr/lib/avr5\libm.a(cmpsf2.o) (__fp_cmp)
g:/develop/atmel/studio/7.0/toolchain/avr8/avr8-gnu-toolchain/bin/../lib/gcc/avr/5.4.0/../../../../avr/lib/avr5\libm.a(fp_inf.o)
                              g:/develop/atmel/studio/7.0/toolchain/avr8/avr8-gnu-toolchain/bin/../lib/gcc/avr/5.4.0/../../../../avr/lib/avr5\libm.a(addsf3x.o) (__fp_inf)
g:/develop/atmel/studio/7.0/toolchain/avr8/avr8-gnu-toolchain/bin/../lib/gcc/avr/5.4.0/../../../../avr/lib/avr5\libm.a(fp_nan.o)
                              g:/develop/atmel/studio/7.0/toolchain/avr8/avr8-gnu-toolchain/bin/../lib/gcc/avr/5.4.0/../../../../avr/lib/avr5\libm.a(addsf3x.o) (__fp_nan)
g:/develop/atmel/studio/7.0/toolchain/avr8/avr8-gnu-toolchain/bin/../lib/gcc/avr/5.4.0/../../../../avr/lib/avr5\libm.a(fp_pscA.o)
                              g:/develop/atmel/studio/7.0/toolchain/avr8/avr8-gnu-toolchain/bin/../lib/gcc/avr/5.4.0/../../../../avr/lib/avr5\libm.a(addsf3x.o) (__fp_pscA)
g:/develop/atmel/studio/7.0/toolchain/avr8/avr8-gnu-toolchain/bin/../lib/gcc/avr/5.4.0/../../../../avr/lib/avr5\libm.a(fp_pscB.o)
                              g:/develop/atmel/studio/7.0/toolchain/avr8/avr8-gnu-toolchain/bin/../lib/gcc/avr/5.4.0/../../../../avr/lib/avr5\libm.a(addsf3x.o) (__fp_pscB)
g:/develop/atmel/studio/7.0/toolchain/avr8/avr8-gnu-toolchain/bin/../lib/gcc/avr/5.4.0/../../../../avr/lib/avr5\libm.a(fp_round.o)
                              g:/develop/atmel/studio/7.0/toolchain/avr8/avr8-gnu-toolchain/bin/../lib/gcc/avr/5.4.0/../../../../avr/lib/avr5\libm.a(addsf3.o) (__fp_round)
g:/develop/atmel/studio/7.0/toolchain/avr8/avr8-gnu-toolchain/bin/../lib/gcc/avr/5.4.0/../../../../avr/lib/avr5\libm.a(fp_split3.o)
                              g:/develop/atmel/studio/7.0/toolchain/avr8/avr8-gnu-toolchain/bin/../lib/gcc/avr/5.4.0/../../../../avr/lib/avr5\libm.a(addsf3x.o) (__fp_split3)
g:/develop/atmel/studio/7.0/toolchain/avr8/avr8-gnu-toolchain/bin/../lib/gcc/avr/5.4.0/../../../../avr/lib/avr5\libm.a(fp_zero.o)
                              g:/develop/atmel/studio/7.0/toolchain/avr8/avr8-gnu-toolchain/bin/../lib/gcc/avr/5.4.0/../../../../avr/lib/avr5\libm.a(addsf3x.o) (__fp_zero)
g:/develop/atmel/studio/7.0/toolchain/avr8/avr8-gnu-toolchain/bin/../lib/gcc/avr/5.4.0/../../../../avr/lib/avr5\libm.a(gesf2.o)
                              src/libraries/DHT_sensor_library/DHT.o (__gesf2)
g:/develop/atmel/studio/7.0/toolchain/avr8/avr8-gnu-toolchain/bin/../lib/gcc/avr/5.4.0/../../../../avr/lib/avr5\libm.a(mulsf3.o)
                              Sketch.o (__mulsf3)
g:/develop/atmel/studio/7.0/toolchain/avr8/avr8-gnu-toolchain/bin/../lib/gcc/avr/5.4.0/../../../../avr/lib/avr5\libm.a(mulsf3x.o)
                              g:/develop/atmel/studio/7.0/toolchain/avr8/avr8-gnu-toolchain/bin/../lib/gcc/avr/5.4.0/../../../../avr/lib/avr5\libm.a(mulsf3.o) (__mulsf3x)
g:/develop/atmel/studio/7.0/toolchain/avr8/avr8-gnu-toolchain/bin/../lib/gcc/avr/5.4.0/../../../../avr/lib/avr5\libm.a(sqrt.o)
                              src/libraries/DHT_sensor_library/DHT.o (sqrt)
g:/develop/atmel/studio/7.0/toolchain/avr8/avr8-gnu-toolchain/bin/../lib/gcc/avr/5.4.0/../../../../avr/lib/avr5\libm.a(unordsf2.o)
                              Sketch.o (__unordsf2)
[...]
Memory Configuration

Name             Origin             Length             Attributes
text             0x00000000         0x00020000         xr
data             0x00800060         0x0000ffa0         rw !x
eeprom           0x00810000         0x00010000         rw !x
fuse             0x00820000         0x00000003         rw !x
lock             0x00830000         0x00000400         rw !x
signature        0x00840000         0x00000400         rw !x
user_signatures  0x00850000         0x00000400         rw !x
*default*        0x00000000         0xffffffff

Linker script and memory map

Address of section .data set to 0x800100
LOAD g:/develop/atmel/studio/7.0/toolchain/avr8/avr8-gnu-toolchain/bin/../lib/gcc/avr/5.4.0/../../../../avr/lib/avr5/crtatmega328p.o
LOAD Sketch.o
LOAD src/libraries/DHTNEW/dhtnew.o
LOAD src/libraries/Dht_mysens/DHT_mysens.o
LOAD src/libraries/DHT_sensor_library/DHT.o
LOAD src/libraries/DHT_sensor_library/DHT_U.o
LOAD src/libraries/Low-Power/LowPower.o
LOAD src/libraries/rc-switch/RCSwitch.o
START GROUP
LOAD g:/develop/atmel/studio/7.0/toolchain/avr8/avr8-gnu-toolchain/bin/../lib/gcc/avr/5.4.0/../../../../avr/lib/avr5\libm.a
LOAD G:\Develop\Atmel\Code\328P_DHT22_433_inside_sensor\328P_DHT22_433_inside_sensor\ArduinoCore\Debug\libArduinoCore.a
END GROUP
LOAD g:/develop/atmel/studio/7.0/toolchain/avr8/avr8-gnu-toolchain/bin/../lib/gcc/avr/5.4.0/avr5\libgcc.a
LOAD g:/develop/atmel/studio/7.0/toolchain/avr8/avr8-gnu-toolchain/bin/../lib/gcc/avr/5.4.0/../../../../avr/lib/avr5\libm.a
START GROUP
LOAD g:/develop/atmel/studio/7.0/toolchain/avr8/avr8-gnu-toolchain/bin/../lib/gcc/avr/5.4.0/avr5\libgcc.a
LOAD g:/develop/atmel/studio/7.0/toolchain/avr8/avr8-gnu-toolchain/bin/../lib/gcc/avr/5.4.0/../../../../avr/lib/avr5\libm.a
LOAD g:/develop/atmel/studio/7.0/toolchain/avr8/avr8-gnu-toolchain/bin/../lib/gcc/avr/5.4.0/../../../../avr/lib/avr5\libc.a
LOAD g:/develop/atmel/studio/7.0/toolchain/avr8/avr8-gnu-toolchain/bin/../lib/gcc/avr/5.4.0/../../../../avr/lib/avr5\libatmega328p.a
END GROUP
                0x00020000                __TEXT_REGION_LENGTH__ = DEFINED (__TEXT_REGION_LENGTH__)?__TEXT_REGION_LENGTH__:0x20000
                0x0000ffa0                __DATA_REGION_LENGTH__ = DEFINED (__DATA_REGION_LENGTH__)?__DATA_REGION_LENGTH__:0xffa0
                0x00010000                __EEPROM_REGION_LENGTH__ = DEFINED (__EEPROM_REGION_LENGTH__)?__EEPROM_REGION_LENGTH__:0x10000
                [0x00000003]                __FUSE_REGION_LENGTH__ = DEFINED (__FUSE_REGION_LENGTH__)?__FUSE_REGION_LENGTH__:0x400
                0x00000400                __LOCK_REGION_LENGTH__ = DEFINED (__LOCK_REGION_LENGTH__)?__LOCK_REGION_LENGTH__:0x400
                0x00000400                __SIGNATURE_REGION_LENGTH__ = DEFINED (__SIGNATURE_REGION_LENGTH__)?__SIGNATURE_REGION_LENGTH__:0x400
                0x00000400                __USER_SIGNATURE_REGION_LENGTH__ = DEFINED (__USER_SIGNATURE_REGION_LENGTH__)?__USER_SIGNATURE_REGION_LENGTH__:0x400

.hash
 *(.hash)

.dynsym
 *(.dynsym)

.dynstr
 *(.dynstr)

.gnu.version
 *(.gnu.version)

.gnu.version_d
 *(.gnu.version_d)

.gnu.version_r
 *(.gnu.version_r)

.rel.init
 *(.rel.init)

.rela.init
 *(.rela.init)

.rel.text
 *(.rel.text)
 *(.rel.text.*)
 *(.rel.gnu.linkonce.t*)

.rela.text
 *(.rela.text)
 *(.rela.text.*)
 *(.rela.gnu.linkonce.t*)

.rel.fini
 *(.rel.fini)

.rela.fini
 *(.rela.fini)

.rel.rodata
 *(.rel.rodata)
 *(.rel.rodata.*)
 *(.rel.gnu.linkonce.r*)

.rela.rodata
 *(.rela.rodata)
 *(.rela.rodata.*)
 *(.rela.gnu.linkonce.r*)

.rel.data
 *(.rel.data)
 *(.rel.data.*)
 *(.rel.gnu.linkonce.d*)

.rela.data
 *(.rela.data)
 *(.rela.data.*)
 *(.rela.gnu.linkonce.d*)

.rel.ctors
 *(.rel.ctors)

.rela.ctors
 *(.rela.ctors)

.rel.dtors
 *(.rel.dtors)

.rela.dtors
 *(.rela.dtors)

.rel.got
 *(.rel.got)

.rela.got
 *(.rela.got)

.rel.bss
 *(.rel.bss)

.rela.bss
 *(.rela.bss)

.rel.plt
 *(.rel.plt)

.rela.plt
 *(.rela.plt)

.text           0x00000000     0x247a
 *(.vectors)
 .vectors       0x00000000       0x68 g:/develop/atmel/studio/7.0/toolchain/avr8/avr8-gnu-toolchain/bin/../lib/gcc/avr/5.4.0/../../../../avr/lib/avr5/crtatmega328p.o
                0x00000000                __vector_default
                0x00000000                __vectors
 *(.vectors)
 *(.progmem.gcc*)
                0x00000068                . = ALIGN (0x2)
                0x00000068                __trampolines_start = .
 *(.trampolines)
 .trampolines   0x00000068        0x0 linker stubs
 *(.trampolines*)
                0x00000068                __trampolines_end = .
 *libprintf_flt.a:*(.progmem.data)
 *libc.a:*(.progmem.data)
 *(.progmem*)
 .progmem.data._ZL5proto
                0x00000068       0x36 src/libraries/rc-switch/RCSwitch.o
 .progmem.data.digital_pin_to_timer_PGM
                0x0000009e       0x14 G:\Develop\Atmel\Code\328P_DHT22_433_inside_sensor\328P_DHT22_433_inside_sensor\ArduinoCore\Debug\libArduinoCore.a(wiring_digital.o)
                0x0000009e                digital_pin_to_timer_PGM
 .progmem.data.digital_pin_to_bit_mask_PGM
                0x000000b2       0x14 G:\Develop\Atmel\Code\328P_DHT22_433_inside_sensor\328P_DHT22_433_inside_sensor\ArduinoCore\Debug\libArduinoCore.a(wiring_digital.o)
                0x000000b2                digital_pin_to_bit_mask_PGM
 .progmem.data.digital_pin_to_port_PGM
                0x000000c6       0x14 G:\Develop\Atmel\Code\328P_DHT22_433_inside_sensor\328P_DHT22_433_inside_sensor\ArduinoCore\Debug\libArduinoCore.a(wiring_digital.o)
                0x000000c6                digital_pin_to_port_PGM
 .progmem.data.port_to_input_PGM
                0x000000da        0xa G:\Develop\Atmel\Code\328P_DHT22_433_inside_sensor\328P_DHT22_433_inside_sensor\ArduinoCore\Debug\libArduinoCore.a(wiring_digital.o)
                0x000000da                port_to_input_PGM
 .progmem.data.port_to_output_PGM
                0x000000e4        0xa G:\Develop\Atmel\Code\328P_DHT22_433_inside_sensor\328P_DHT22_433_inside_sensor\ArduinoCore\Debug\libArduinoCore.a(wiring_digital.o)
                0x000000e4                port_to_output_PGM
 .progmem.data.port_to_mode_PGM
                0x000000ee        0xa G:\Develop\Atmel\Code\328P_DHT22_433_inside_sensor\328P_DHT22_433_inside_sensor\ArduinoCore\Debug\libArduinoCore.a(wiring_digital.o)
                0x000000ee                port_to_mode_PGM
                0x000000f8                . = ALIGN (0x2)
 *(.jumptables)
 *(.jumptables*)
 *(.lowtext)
 *(.lowtext*)
                0x000000f8                __ctors_start = .
 *(.ctors)
 .ctors         0x000000f8        0x2 Sketch.o
                0x000000fa                __ctors_end = .
                0x000000fa                __dtors_start = .
 *(.dtors)
                0x000000fa                __dtors_end = .
 SORT(*)(.ctors)
 SORT(*)(.dtors)
 *(.init0)
 .init0         0x000000fa        0x0 g:/develop/atmel/studio/7.0/toolchain/avr8/avr8-gnu-toolchain/bin/../lib/gcc/avr/5.4.0/../../../../avr/lib/avr5/crtatmega328p.o
                0x000000fa                __init
 *(.init0)
 *(.init1)
 *(.init1)
 *(.init2)
 .init2         0x000000fa        0xc g:/develop/atmel/studio/7.0/toolchain/avr8/avr8-gnu-toolchain/bin/../lib/gcc/avr/5.4.0/../../../../avr/lib/avr5/crtatmega328p.o
 *(.init2)
 *(.init3)
 *(.init3)
 *(.init4)
 .init4         0x00000106       0x16 g:/develop/atmel/studio/7.0/toolchain/avr8/avr8-gnu-toolchain/bin/../lib/gcc/avr/5.4.0/avr5\libgcc.a(_copy_data.o)
                0x00000106                __do_copy_data
 .init4         0x0000011c       0x10 g:/develop/atmel/studio/7.0/toolchain/avr8/avr8-gnu-toolchain/bin/../lib/gcc/avr/5.4.0/avr5\libgcc.a(_clear_bss.o)
                0x0000011c                __do_clear_bss
 *(.init4)
 *(.init5)
 *(.init5)
 *(.init6)
 .init6         0x0000012c       0x16 g:/develop/atmel/studio/7.0/toolchain/avr8/avr8-gnu-toolchain/bin/../lib/gcc/avr/5.4.0/avr5\libgcc.a(_ctors.o)
                0x0000012c                __do_global_ctors
 *(.init6)
 *(.init7)
 *(.init7)
 *(.init8)
 *(.init8)
 *(.init9)
 .init9         0x00000142        0x8 g:/develop/atmel/studio/7.0/toolchain/avr8/avr8-gnu-toolchain/bin/../lib/gcc/avr/5.4.0/../../../../avr/lib/avr5/crtatmega328p.o
 *(.init9)
 *(.text)
 .text          0x0000014a        0x4 g:/develop/atmel/studio/7.0/toolchain/avr8/avr8-gnu-toolchain/bin/../lib/gcc/avr/5.4.0/../../../../avr/lib/avr5/crtatmega328p.o
                0x0000014a                __vector_22
                0x0000014a                __vector_24
                0x0000014a                __vector_12
                0x0000014a                __bad_interrupt
                0x0000014a                __vector_3
                0x0000014a                __vector_23
                0x0000014a                __vector_25
                0x0000014a                __vector_11
                0x0000014a                __vector_13
                0x0000014a                __vector_17
                0x0000014a                __vector_19
                0x0000014a                __vector_7
                0x0000014a                __vector_5
                0x0000014a                __vector_4
                0x0000014a                __vector_9
                0x0000014a                __vector_21
                0x0000014a                __vector_15
                0x0000014a                __vector_8
                0x0000014a                __vector_14
                0x0000014a                __vector_10
                0x0000014a                __vector_18
                0x0000014a                __vector_20
                0x0000014e                . = ALIGN (0x2)
 *(.text.*)
 .text.setup    0x0000014e       0x9e Sketch.o
                0x0000014e                setup
 .text._Z12sleepSecondsi
                0x000001ec       0x40 Sketch.o
                0x000001ec                _Z12sleepSecondsi
 .text._Z19checkForFreshEEpromv
                0x0000022c       0x38 Sketch.o
                0x0000022c                _Z19checkForFreshEEpromv
 .text._Z10readEEDatav
                0x00000264       0x76 Sketch.o
                0x00000264                _Z10readEEDatav
 .text._Z11writeEEDatab
                0x000002da       0xce Sketch.o
                0x000002da                _Z11writeEEDatab
 .text._Z17measureTempAndHumv
                0x000003a8       0xa0 Sketch.o
                0x000003a8                _Z17measureTempAndHumv
 .text._Z8sendDatall
                0x00000448      0x104 Sketch.o
                0x00000448                _Z8sendDatall
 .text._Z10TempAndHumv
                0x0000054c      0x346 Sketch.o
                0x0000054c                _Z10TempAndHumv
 .text._Z10vccVoltagev
                0x00000892       0x52 Sketch.o
                0x00000892                _Z10vccVoltagev
 .text.loop     0x000008e4      0x132 Sketch.o
                0x000008e4                loop
 .text.startup._GLOBAL__sub_I_mySwitch
                0x00000a16       0x16 Sketch.o
 .text._ZN3DHTC2Ehhh
                0x00000a2c       0x42 src/libraries/DHT_sensor_library/DHT.o
                0x00000a2c                _ZN3DHTC1Ehhh
                0x00000a2c                _ZN3DHTC2Ehhh
 .text._ZN3DHT5beginEv
                0x00000a6e       0x24 src/libraries/DHT_sensor_library/DHT.o
                0x00000a6e                _ZN3DHT5beginEv
 .text._ZN3DHT11expectPulseEb
                0x00000a92       0x9c src/libraries/DHT_sensor_library/DHT.o
                0x00000a92                _ZN3DHT11expectPulseEb
 .text._ZN3DHT4readEb
                0x00000b2e      0x1e0 src/libraries/DHT_sensor_library/DHT.o
                0x00000b2e                _ZN3DHT4readEb
 .text._ZN3DHT15readTemperatureEbb
                0x00000d0e       0xba src/libraries/DHT_sensor_library/DHT.o
                0x00000d0e                _ZN3DHT15readTemperatureEbb
 .text._ZN3DHT12readHumidityEb
                0x00000dc8       0x88 src/libraries/DHT_sensor_library/DHT.o
                0x00000dc8                _ZN3DHT12readHumidityEb
 .text._ZN13LowPowerClass9powerDownE8period_t5adc_t5bod_t
                0x00000e50       0x94 src/libraries/Low-Power/LowPower.o
                0x00000e50                _ZN13LowPowerClass9powerDownE8period_t5adc_t5bod_t
 .text.__vector_6
                0x00000ee4       0x2e src/libraries/Low-Power/LowPower.o
                0x00000ee4                __vector_6
 .text._ZN8RCSwitch11setProtocolEi
                0x00000f12       0x30 src/libraries/rc-switch/RCSwitch.o
                0x00000f12                _ZN8RCSwitch11setProtocolEi
 .text._ZN8RCSwitchC2Ev
                0x00000f42       0x4e src/libraries/rc-switch/RCSwitch.o
                0x00000f42                _ZN8RCSwitchC2Ev
                0x00000f42                _ZN8RCSwitchC1Ev
 .text._ZN8RCSwitch17setRepeatTransmitEi
                0x00000f90        0x8 src/libraries/rc-switch/RCSwitch.o
                0x00000f90                _ZN8RCSwitch17setRepeatTransmitEi
 .text._ZN8RCSwitch14enableTransmitEi
                0x00000f98        0xe src/libraries/rc-switch/RCSwitch.o
                0x00000f98                _ZN8RCSwitch14enableTransmitEi
 .text._ZN8RCSwitch15disableTransmitEv
                0x00000fa6        0xc src/libraries/rc-switch/RCSwitch.o
                0x00000fa6                _ZN8RCSwitch15disableTransmitEv
 .text._ZN8RCSwitch8transmitENS_7HighLowE
                0x00000fb2       0x60 src/libraries/rc-switch/RCSwitch.o
                0x00000fb2                _ZN8RCSwitch8transmitENS_7HighLowE
 .text._ZN8RCSwitch13enableReceiveEv
                0x00001012       0x34 src/libraries/rc-switch/RCSwitch.o
                0x00001012                _ZN8RCSwitch13enableReceiveEv
 .text._ZN8RCSwitch14disableReceiveEv
                0x00001046       0x1a src/libraries/rc-switch/RCSwitch.o
                0x00001046                _ZN8RCSwitch14disableReceiveEv
 .text._ZN8RCSwitch4sendEmj
                0x00001060      0x112 src/libraries/rc-switch/RCSwitch.o
                0x00001060                _ZN8RCSwitch4sendEmj
 .text._ZN8RCSwitch15receiveProtocolEij
                0x00001172      0x1d8 src/libraries/rc-switch/RCSwitch.o
                0x00001172                _ZN8RCSwitch15receiveProtocolEij
 .text._ZN8RCSwitch15handleInterruptEv
                0x0000134a       0xf6 src/libraries/rc-switch/RCSwitch.o
                0x0000134a                _ZN8RCSwitch15handleInterruptEv
 .text.avr-libc.fplib
                0x00001440        0xe g:/develop/atmel/studio/7.0/toolchain/avr8/avr8-gnu-toolchain/bin/../lib/gcc/avr/5.4.0/../../../../avr/lib/avr5\libm.a(addsf3.o)
                0x00001440                __subsf3
                0x00001442                __addsf3
 .text.avr-libc.fplib
                0x0000144e       0xcc g:/develop/atmel/studio/7.0/toolchain/avr8/avr8-gnu-toolchain/bin/../lib/gcc/avr/5.4.0/../../../../avr/lib/avr5\libm.a(addsf3x.o)
                0x00001470                __addsf3x
 .text.avr-libc.fplib
                0x0000151a        0xe g:/develop/atmel/studio/7.0/toolchain/avr8/avr8-gnu-toolchain/bin/../lib/gcc/avr/5.4.0/../../../../avr/lib/avr5\libm.a(fixsfsi.o)
                0x0000151a                __fixsfsi
 .text.avr-libc.fplib
                0x00001528       0x5e g:/develop/atmel/studio/7.0/toolchain/avr8/avr8-gnu-toolchain/bin/../lib/gcc/avr/5.4.0/../../../../avr/lib/avr5\libm.a(fixunssfsi.o)
                0x00001528                __fixunssfsi
 .text.avr-libc.fplib
                0x00001586       0x7a g:/develop/atmel/studio/7.0/toolchain/avr8/avr8-gnu-toolchain/bin/../lib/gcc/avr/5.4.0/../../../../avr/lib/avr5\libm.a(floatsisf.o)
                0x00001586                __floatunsisf
                0x0000158a                __floatsisf
 .text.avr-libc.fplib
                0x00001600       0x48 g:/develop/atmel/studio/7.0/toolchain/avr8/avr8-gnu-toolchain/bin/../lib/gcc/avr/5.4.0/../../../../avr/lib/avr5\libm.a(fp_cmp.o)
                0x00001600                __fp_cmp
 .text.avr-libc.fplib
                0x00001648        0xc g:/develop/atmel/studio/7.0/toolchain/avr8/avr8-gnu-toolchain/bin/../lib/gcc/avr/5.4.0/../../../../avr/lib/avr5\libm.a(fp_inf.o)
                0x00001648                __fp_inf
 .text.avr-libc.fplib
                0x00001654        0x6 g:/develop/atmel/studio/7.0/toolchain/avr8/avr8-gnu-toolchain/bin/../lib/gcc/avr/5.4.0/../../../../avr/lib/avr5\libm.a(fp_nan.o)
                0x00001654                __fp_nan
 .text.avr-libc.fplib
                0x0000165a        0xe g:/develop/atmel/studio/7.0/toolchain/avr8/avr8-gnu-toolchain/bin/../lib/gcc/avr/5.4.0/../../../../avr/lib/avr5\libm.a(fp_pscA.o)
                0x0000165a                __fp_pscA
 .text.avr-libc.fplib
                0x00001668        0xe g:/develop/atmel/studio/7.0/toolchain/avr8/avr8-gnu-toolchain/bin/../lib/gcc/avr/5.4.0/../../../../avr/lib/avr5\libm.a(fp_pscB.o)
                0x00001668                __fp_pscB
 .text.avr-libc.fplib
                0x00001676       0x22 g:/develop/atmel/studio/7.0/toolchain/avr8/avr8-gnu-toolchain/bin/../lib/gcc/avr/5.4.0/../../../../avr/lib/avr5\libm.a(fp_round.o)
                0x00001676                __fp_round
 .text.avr-libc.fplib
                0x00001698       0x44 g:/develop/atmel/studio/7.0/toolchain/avr8/avr8-gnu-toolchain/bin/../lib/gcc/avr/5.4.0/../../../../avr/lib/avr5\libm.a(fp_split3.o)
                0x00001698                __fp_split3
                0x000016a8                __fp_splitA
 .text.avr-libc.fplib
                0x000016dc        0xe g:/develop/atmel/studio/7.0/toolchain/avr8/avr8-gnu-toolchain/bin/../lib/gcc/avr/5.4.0/../../../../avr/lib/avr5\libm.a(fp_zero.o)
                0x000016dc                __fp_zero
                0x000016de                __fp_szero
 .text.avr-libc.fplib
                0x000016ea        0x8 g:/develop/atmel/studio/7.0/toolchain/avr8/avr8-gnu-toolchain/bin/../lib/gcc/avr/5.4.0/../../../../avr/lib/avr5\libm.a(mulsf3.o)
                0x000016ea                __mulsf3
 .text.avr-libc.fplib
                0x000016f2       0xd2 g:/develop/atmel/studio/7.0/toolchain/avr8/avr8-gnu-toolchain/bin/../lib/gcc/avr/5.4.0/../../../../avr/lib/avr5\libm.a(mulsf3x.o)
                0x00001710                __mulsf3x
                0x00001716                __mulsf3_pse
 .text.avr-libc.fplib
                0x000017c4        0xa g:/develop/atmel/studio/7.0/toolchain/avr8/avr8-gnu-toolchain/bin/../lib/gcc/avr/5.4.0/../../../../avr/lib/avr5\libm.a(unordsf2.o)
                0x000017c4                __unordsf2
 .text.initVariant
                0x000017ce        0x2 G:\Develop\Atmel\Code\328P_DHT22_433_inside_sensor\328P_DHT22_433_inside_sensor\ArduinoCore\Debug\libArduinoCore.a(main.o)
                0x000017ce                initVariant
 .text.startup.main
                0x000017d0       0x1e G:\Develop\Atmel\Code\328P_DHT22_433_inside_sensor\328P_DHT22_433_inside_sensor\ArduinoCore\Debug\libArduinoCore.a(main.o)
                0x000017d0                main
 .text.nothing  0x000017ee        0x2 G:\Develop\Atmel\Code\328P_DHT22_433_inside_sensor\328P_DHT22_433_inside_sensor\ArduinoCore\Debug\libArduinoCore.a(WInterrupts.o)
 .text.attachInterrupt
                0x000017f0       0x40 G:\Develop\Atmel\Code\328P_DHT22_433_inside_sensor\328P_DHT22_433_inside_sensor\ArduinoCore\Debug\libArduinoCore.a(WInterrupts.o)
                0x000017f0                attachInterrupt
 .text.detachInterrupt
                0x00001830       0x24 G:\Develop\Atmel\Code\328P_DHT22_433_inside_sensor\328P_DHT22_433_inside_sensor\ArduinoCore\Debug\libArduinoCore.a(WInterrupts.o)
                0x00001830                detachInterrupt
 .text.__vector_1
                0x00001854       0x4e G:\Develop\Atmel\Code\328P_DHT22_433_inside_sensor\328P_DHT22_433_inside_sensor\ArduinoCore\Debug\libArduinoCore.a(WInterrupts.o)
                0x00001854                __vector_1
 .text.__vector_2
                0x000018a2       0x4e G:\Develop\Atmel\Code\328P_DHT22_433_inside_sensor\328P_DHT22_433_inside_sensor\ArduinoCore\Debug\libArduinoCore.a(WInterrupts.o)
                0x000018a2                __vector_2
 .text.__vector_16
                0x000018f0       0x94 G:\Develop\Atmel\Code\328P_DHT22_433_inside_sensor\328P_DHT22_433_inside_sensor\ArduinoCore\Debug\libArduinoCore.a(wiring.o)
                0x000018f0                __vector_16
 .text.millis   0x00001984       0x18 G:\Develop\Atmel\Code\328P_DHT22_433_inside_sensor\328P_DHT22_433_inside_sensor\ArduinoCore\Debug\libArduinoCore.a(wiring.o)
                0x00001984                millis
 .text.micros   0x0000199c       0x4a G:\Develop\Atmel\Code\328P_DHT22_433_inside_sensor\328P_DHT22_433_inside_sensor\ArduinoCore\Debug\libArduinoCore.a(wiring.o)
                0x0000199c                micros
 .text.delay    0x000019e6       0x78 G:\Develop\Atmel\Code\328P_DHT22_433_inside_sensor\328P_DHT22_433_inside_sensor\ArduinoCore\Debug\libArduinoCore.a(wiring.o)
                0x000019e6                delay
 .text.delayMicroseconds
                0x00001a5e       0x12 G:\Develop\Atmel\Code\328P_DHT22_433_inside_sensor\328P_DHT22_433_inside_sensor\ArduinoCore\Debug\libArduinoCore.a(wiring.o)
                0x00001a5e                delayMicroseconds
 .text.init     0x00001a70       0x76 G:\Develop\Atmel\Code\328P_DHT22_433_inside_sensor\328P_DHT22_433_inside_sensor\ArduinoCore\Debug\libArduinoCore.a(wiring.o)
                0x00001a70                init
 .text.turnOffPWM
                0x00001ae6       0x52 G:\Develop\Atmel\Code\328P_DHT22_433_inside_sensor\328P_DHT22_433_inside_sensor\ArduinoCore\Debug\libArduinoCore.a(wiring_digital.o)
 .text.pinMode  0x00001b38       0x78 G:\Develop\Atmel\Code\328P_DHT22_433_inside_sensor\328P_DHT22_433_inside_sensor\ArduinoCore\Debug\libArduinoCore.a(wiring_digital.o)
                0x00001b38                pinMode
 .text.digitalWrite
                0x00001bb0       0x5e G:\Develop\Atmel\Code\328P_DHT22_433_inside_sensor\328P_DHT22_433_inside_sensor\ArduinoCore\Debug\libArduinoCore.a(wiring_digital.o)
                0x00001bb0                digitalWrite
 .text._ZN6StringD2Ev
                0x00001c0e        0xa G:\Develop\Atmel\Code\328P_DHT22_433_inside_sensor\328P_DHT22_433_inside_sensor\ArduinoCore\Debug\libArduinoCore.a(WString.o)
                0x00001c0e                _ZN6StringD2Ev
                0x00001c0e                _ZN6StringD1Ev
 .text._ZN6String10invalidateEv
                0x00001c18       0x24 G:\Develop\Atmel\Code\328P_DHT22_433_inside_sensor\328P_DHT22_433_inside_sensor\ArduinoCore\Debug\libArduinoCore.a(WString.o)
                0x00001c18                _ZN6String10invalidateEv
 .text._ZN6String12changeBufferEj
                0x00001c3c       0x34 G:\Develop\Atmel\Code\328P_DHT22_433_inside_sensor\328P_DHT22_433_inside_sensor\ArduinoCore\Debug\libArduinoCore.a(WString.o)
                0x00001c3c                _ZN6String12changeBufferEj
 .text._ZN6String7reserveEj
                0x00001c70       0x38 G:\Develop\Atmel\Code\328P_DHT22_433_inside_sensor\328P_DHT22_433_inside_sensor\ArduinoCore\Debug\libArduinoCore.a(WString.o)
                0x00001c70                _ZN6String7reserveEj
 .text._ZN6String4copyEPKcj
                0x00001ca8       0x42 G:\Develop\Atmel\Code\328P_DHT22_433_inside_sensor\328P_DHT22_433_inside_sensor\ArduinoCore\Debug\libArduinoCore.a(WString.o)
                0x00001ca8                _ZN6String4copyEPKcj
 .text._ZN6StringC2EPKc
                0x00001cea       0x2a G:\Develop\Atmel\Code\328P_DHT22_433_inside_sensor\328P_DHT22_433_inside_sensor\ArduinoCore\Debug\libArduinoCore.a(WString.o)
                0x00001cea                _ZN6StringC2EPKc
                0x00001cea                _ZN6StringC1EPKc
 .text._ZN6StringaSEPKc
                0x00001d14       0x2e G:\Develop\Atmel\Code\328P_DHT22_433_inside_sensor\328P_DHT22_433_inside_sensor\ArduinoCore\Debug\libArduinoCore.a(WString.o)
                0x00001d14                _ZN6StringaSEPKc
 .text._ZN6StringC2Elh
                0x00001d42       0x5a G:\Develop\Atmel\Code\328P_DHT22_433_inside_sensor\328P_DHT22_433_inside_sensor\ArduinoCore\Debug\libArduinoCore.a(WString.o)
                0x00001d42                _ZN6StringC2Elh
                0x00001d42                _ZN6StringC1Elh
 .text.__empty  0x00001d9c        0x2 G:\Develop\Atmel\Code\328P_DHT22_433_inside_sensor\328P_DHT22_433_inside_sensor\ArduinoCore\Debug\libArduinoCore.a(hooks.o)
                0x00001d9c                yield
 .text.libgcc.div
                0x00001d9e       0x28 g:/develop/atmel/studio/7.0/toolchain/avr8/avr8-gnu-toolchain/bin/../lib/gcc/avr/5.4.0/avr5\libgcc.a(_udivmodhi4.o)
                0x00001d9e                __udivmodhi4
 .text.libgcc.div
                0x00001dc6       0x2e g:/develop/atmel/studio/7.0/toolchain/avr8/avr8-gnu-toolchain/bin/../lib/gcc/avr/5.4.0/avr5\libgcc.a(_divmodsi4.o)
                0x00001dc6                __divmodsi4
 .text.libgcc.div
                0x00001df4       0x10 g:/develop/atmel/studio/7.0/toolchain/avr8/avr8-gnu-toolchain/bin/../lib/gcc/avr/5.4.0/avr5\libgcc.a(_negsi2.o)
                0x00001df4                __negsi2
 .text.libgcc.div
                0x00001e04       0x44 g:/develop/atmel/studio/7.0/toolchain/avr8/avr8-gnu-toolchain/bin/../lib/gcc/avr/5.4.0/avr5\libgcc.a(_udivmodsi4.o)
                0x00001e04                __udivmodsi4
 .text.libgcc   0x00001e48        0xc g:/develop/atmel/studio/7.0/toolchain/avr8/avr8-gnu-toolchain/bin/../lib/gcc/avr/5.4.0/avr5\libgcc.a(_tablejump2.o)
                0x00001e48                __tablejump2__
 .text.avr-libc
                0x00001e54      0x242 g:/develop/atmel/studio/7.0/toolchain/avr8/avr8-gnu-toolchain/bin/../lib/gcc/avr/5.4.0/../../../../avr/lib/avr5\libc.a(malloc.o)
                0x00001e54                malloc
                0x00001f84                free
 .text.avr-libc
                0x00002096      0x18c g:/develop/atmel/studio/7.0/toolchain/avr8/avr8-gnu-toolchain/bin/../lib/gcc/avr/5.4.0/../../../../avr/lib/avr5\libc.a(realloc.o)
                0x00002096                realloc
 .text.avr-libc
                0x00002222       0x4e g:/develop/atmel/studio/7.0/toolchain/avr8/avr8-gnu-toolchain/bin/../lib/gcc/avr/5.4.0/../../../../avr/lib/avr5\libc.a(atol.o)
                0x00002222                atol
 .text.avr-libc
                0x00002270       0x12 g:/develop/atmel/studio/7.0/toolchain/avr8/avr8-gnu-toolchain/bin/../lib/gcc/avr/5.4.0/../../../../avr/lib/avr5\libc.a(memcpy_P.o)
                0x00002270                memcpy_P
 .text.avr-libc
                0x00002282       0x12 g:/develop/atmel/studio/7.0/toolchain/avr8/avr8-gnu-toolchain/bin/../lib/gcc/avr/5.4.0/../../../../avr/lib/avr5\libc.a(memcpy.o)
                0x00002282                memcpy
 .text.avr-libc
                0x00002294        0xe g:/develop/atmel/studio/7.0/toolchain/avr8/avr8-gnu-toolchain/bin/../lib/gcc/avr/5.4.0/../../../../avr/lib/avr5\libc.a(strcpy.o)
                0x00002294                strcpy
 .text.avr-libc
                0x000022a2       0x16 g:/develop/atmel/studio/7.0/toolchain/avr8/avr8-gnu-toolchain/bin/../lib/gcc/avr/5.4.0/../../../../avr/lib/avr5\libc.a(ltoa.o)
                0x000022a2                ltoa
                0x000022a2                __ltoa
 .text.avr-libc
                0x000022b8       0x1e g:/develop/atmel/studio/7.0/toolchain/avr8/avr8-gnu-toolchain/bin/../lib/gcc/avr/5.4.0/../../../../avr/lib/avr5\libc.a(ltoa_ncheck.o)
                0x000022b8                __ltoa_ncheck
 .text.avr-libc
                0x000022d6       0x2a g:/develop/atmel/studio/7.0/toolchain/avr8/avr8-gnu-toolchain/bin/../lib/gcc/avr/5.4.0/../../../../avr/lib/avr5\libc.a(mulsi10.o)
                0x000022d6                __mulsi_const_10
 .text.avr-libc
                0x00002300       0x44 g:/develop/atmel/studio/7.0/toolchain/avr8/avr8-gnu-toolchain/bin/../lib/gcc/avr/5.4.0/../../../../avr/lib/avr5\libc.a(ultoa_ncheck.o)
                0x00002300                __ultoa_ncheck
                0x00002302                __ultoa_common
 .text.avr-libc
                0x00002344       0x20 g:/develop/atmel/studio/7.0/toolchain/avr8/avr8-gnu-toolchain/bin/../lib/gcc/avr/5.4.0/../../../../avr/lib/avr5\libc.a(strrev.o)
                0x00002344                strrev
 .text.avr-libc
                0x00002364       0x20 g:/develop/atmel/studio/7.0/toolchain/avr8/avr8-gnu-toolchain/bin/../lib/gcc/avr/5.4.0/../../../../avr/lib/avr5\libatmega328p.a(eerd_block.o)
                0x00002364                eeprom_read_block
                0x00002368                eeprom_read_blraw
 .text.avr-libc
                0x00002384       0x10 g:/develop/atmel/studio/7.0/toolchain/avr8/avr8-gnu-toolchain/bin/../lib/gcc/avr/5.4.0/../../../../avr/lib/avr5\libatmega328p.a(eerd_byte.o)
                0x00002384                eeprom_read_byte
 .text.avr-libc
                0x00002394       0x20 g:/develop/atmel/studio/7.0/toolchain/avr8/avr8-gnu-toolchain/bin/../lib/gcc/avr/5.4.0/../../../../avr/lib/avr5\libatmega328p.a(eeupd_block.o)
                0x00002394                eeprom_update_block
 .text.avr-libc
                0x000023b4       0x24 g:/develop/atmel/studio/7.0/toolchain/avr8/avr8-gnu-toolchain/bin/../lib/gcc/avr/5.4.0/../../../../avr/lib/avr5\libatmega328p.a(eeupd_byte.o)
                0x000023b4                eeprom_update_byte
                0x000023b6                eeprom_update_r18
 .text.avr-libc
                0x000023d8       0x14 g:/develop/atmel/studio/7.0/toolchain/avr8/avr8-gnu-toolchain/bin/../lib/gcc/avr/5.4.0/../../../../avr/lib/avr5\libatmega328p.a(eewr_block.o)
                0x000023d8                eeprom_write_block
 .text.avr-libc
                0x000023ec       0x1c g:/develop/atmel/studio/7.0/toolchain/avr8/avr8-gnu-toolchain/bin/../lib/gcc/avr/5.4.0/../../../../avr/lib/avr5\libatmega328p.a(eewr_byte.o)
                0x000023ec                eeprom_write_byte
                0x000023ee                eeprom_write_r18
 .text.libgcc.prologue
                0x00002408       0x38 g:/develop/atmel/studio/7.0/toolchain/avr8/avr8-gnu-toolchain/bin/../lib/gcc/avr/5.4.0/avr5\libgcc.a(_prologue.o)
                0x00002408                __prologue_saves__
 .text.libgcc.prologue
                0x00002440       0x36 g:/develop/atmel/studio/7.0/toolchain/avr8/avr8-gnu-toolchain/bin/../lib/gcc/avr/5.4.0/avr5\libgcc.a(_epilogue.o)
                0x00002440                __epilogue_restores__
                0x00002476                . = ALIGN (0x2)
 *(.fini9)
 .fini9         0x00002476        0x0 g:/develop/atmel/studio/7.0/toolchain/avr8/avr8-gnu-toolchain/bin/../lib/gcc/avr/5.4.0/avr5\libgcc.a(_exit.o)
                0x00002476                _exit
                0x00002476                exit
 *(.fini9)
 *(.fini8)
 *(.fini8)
 *(.fini7)
 *(.fini7)
 *(.fini6)
 *(.fini6)
 *(.fini5)
 *(.fini5)
 *(.fini4)
 *(.fini4)
 *(.fini3)
 *(.fini3)
 *(.fini2)
 *(.fini2)
 *(.fini1)
 *(.fini1)
 *(.fini0)
 .fini0         0x00002476        0x4 g:/develop/atmel/studio/7.0/toolchain/avr8/avr8-gnu-toolchain/bin/../lib/gcc/avr/5.4.0/avr5\libgcc.a(_exit.o)
 *(.fini0)
                0x0000247a                _etext = .

.data           0x00800100       0x90 load address 0x0000247a
                0x00800100                PROVIDE (__data_start, .)
 *(.data)
 .data          0x00800100        0x6 g:/develop/atmel/studio/7.0/toolchain/avr8/avr8-gnu-toolchain/bin/../lib/gcc/avr/5.4.0/../../../../avr/lib/avr5\libc.a(malloc.o)
                0x00800100                __malloc_heap_end
                0x00800102                __malloc_heap_start
                0x00800104                __malloc_margin
 *(.data*)
 .data.ee_address
                0x00800106        0x1 Sketch.o
                0x00800106                ee_address
 .data.fresh_eeprom
                0x00800107        0x1 Sketch.o
                0x00800107                fresh_eeprom
 .data.temperature
                0x00800108        0x4 Sketch.o
                0x00800108                temperature
 .data.humidity
                0x0080010c        0x4 Sketch.o
                0x0080010c                humidity
 .data._ZN8RCSwitch17nReceiveToleranceE
                0x00800110        0x2 src/libraries/rc-switch/RCSwitch.o
                0x00800110                _ZN8RCSwitch17nReceiveToleranceE
 .data.intFunc  0x00800112        0x4 G:\Develop\Atmel\Code\328P_DHT22_433_inside_sensor\328P_DHT22_433_inside_sensor\ArduinoCore\Debug\libArduinoCore.a(WInterrupts.o)
 *(.gnu.linkonce.d*)
 *(.rodata)
 *(.rodata*)
 .rodata.str1.1
                0x00800116       0x79 Sketch.o
 *(.gnu.linkonce.r*)
                0x00800190                . = ALIGN (0x2)
 *fill*         0x0080018f        0x1 
                0x00800190                _edata = .
                0x00800190                PROVIDE (__data_end, .)

.bss            0x00800190       0xd7
                0x00800190                PROVIDE (__bss_start, .)
 *(.bss)
 *(.bss*)
 .bss.ee_data_size
                0x00800190        0x1 Sketch.o
                0x00800190                ee_data_size
 .bss.ee_data   0x00800191        0xc Sketch.o
                0x00800191                ee_data
 .bss.temp_short_sleep
                0x0080019d        0x1 Sketch.o
                0x0080019d                temp_short_sleep
 .bss.dht       0x0080019e       0x12 Sketch.o
                0x0080019e                dht
 .bss.SleepTimer
                0x008001b0        0x2 Sketch.o
                0x008001b0                SleepTimer
 .bss.mySwitch  0x008001b2        0xf Sketch.o
                0x008001b2                mySwitch
 .bss.LowPower  0x008001c1        0x1 src/libraries/Low-Power/LowPower.o
                0x008001c1                LowPower
 .bss._ZZN8RCSwitch15handleInterruptEvE11changeCount
                0x008001c2        0x2 src/libraries/rc-switch/RCSwitch.o
 .bss._ZZN8RCSwitch15handleInterruptEvE11repeatCount
                0x008001c4        0x2 src/libraries/rc-switch/RCSwitch.o
 .bss._ZZN8RCSwitch15handleInterruptEvE8lastTime
                0x008001c6        0x4 src/libraries/rc-switch/RCSwitch.o
 .bss._ZN8RCSwitch7timingsE
                0x008001ca       0x86 src/libraries/rc-switch/RCSwitch.o
                0x008001ca                _ZN8RCSwitch7timingsE
 .bss._ZN8RCSwitch17nReceivedProtocolE
                0x00800250        0x2 src/libraries/rc-switch/RCSwitch.o
                0x00800250                _ZN8RCSwitch17nReceivedProtocolE
 .bss._ZN8RCSwitch14nReceivedDelayE
                0x00800252        0x2 src/libraries/rc-switch/RCSwitch.o
                0x00800252                _ZN8RCSwitch14nReceivedDelayE
 .bss._ZN8RCSwitch18nReceivedBitlengthE
                0x00800254        0x2 src/libraries/rc-switch/RCSwitch.o
                0x00800254                _ZN8RCSwitch18nReceivedBitlengthE
 .bss._ZN8RCSwitch14nReceivedValueE
                0x00800256        0x4 src/libraries/rc-switch/RCSwitch.o
                0x00800256                _ZN8RCSwitch14nReceivedValueE
 .bss.timer0_fract
                0x0080025a        0x1 G:\Develop\Atmel\Code\328P_DHT22_433_inside_sensor\328P_DHT22_433_inside_sensor\ArduinoCore\Debug\libArduinoCore.a(wiring.o)
 .bss.timer0_millis
                0x0080025b        0x4 G:\Develop\Atmel\Code\328P_DHT22_433_inside_sensor\328P_DHT22_433_inside_sensor\ArduinoCore\Debug\libArduinoCore.a(wiring.o)
                0x0080025b                timer0_millis
 .bss.timer0_overflow_count
                0x0080025f        0x4 G:\Develop\Atmel\Code\328P_DHT22_433_inside_sensor\328P_DHT22_433_inside_sensor\ArduinoCore\Debug\libArduinoCore.a(wiring.o)
                0x0080025f                timer0_overflow_count
 *(COMMON)
 COMMON         0x00800263        0x4 g:/develop/atmel/studio/7.0/toolchain/avr8/avr8-gnu-toolchain/bin/../lib/gcc/avr/5.4.0/../../../../avr/lib/avr5\libc.a(malloc.o)
                0x00800263                __brkval
                0x00800265                __flp
                0x00800267                PROVIDE (__bss_end, .)
                0x0000247a                __data_load_start = LOADADDR (.data)
                0x0000250a                __data_load_end = (__data_load_start + SIZEOF (.data))

.noinit         0x00800267        0x0
                [!provide]                PROVIDE (__noinit_start, .)
 *(.noinit*)
                [!provide]                PROVIDE (__noinit_end, .)
                0x00800267                _end = .
                0x00800267                PROVIDE (__heap_start, .)

.eeprom         0x00810000        0x0
 *(.eeprom*)
                0x00810000                __eeprom_end = .

.fuse
 *(.fuse)
 *(.lfuse)
 *(.hfuse)
 *(.efuse)

.lock
 *(.lock*)

.signature
 *(.signature*)

.user_signatures
 *(.user_signatures*)

.stab
 *(.stab)

.stabstr
 *(.stabstr)

.stab.excl
 *(.stab.excl)

.stab.exclstr
 *(.stab.exclstr)

.stab.index
 *(.stab.index)

.stab.indexstr
 *(.stab.indexstr)

.comment        0x00000000       0x30
 *(.comment)
 .comment       0x00000000       0x30 Sketch.o
                                 0x31 (size before relaxing)
 .comment       0x00000030       0x31 src/libraries/DHT_sensor_library/DHT.o
 .comment       0x00000030       0x31 src/libraries/Low-Power/LowPower.o
 .comment       0x00000030       0x31 src/libraries/rc-switch/RCSwitch.o
 .comment       0x00000030       0x31 G:\Develop\Atmel\Code\328P_DHT22_433_inside_sensor\328P_DHT22_433_inside_sensor\ArduinoCore\Debug\libArduinoCore.a(main.o)
 .comment       0x00000030       0x31 G:\Develop\Atmel\Code\328P_DHT22_433_inside_sensor\328P_DHT22_433_inside_sensor\ArduinoCore\Debug\libArduinoCore.a(WInterrupts.o)
 .comment       0x00000030       0x31 G:\Develop\Atmel\Code\328P_DHT22_433_inside_sensor\328P_DHT22_433_inside_sensor\ArduinoCore\Debug\libArduinoCore.a(wiring.o)
 .comment       0x00000030       0x31 G:\Develop\Atmel\Code\328P_DHT22_433_inside_sensor\328P_DHT22_433_inside_sensor\ArduinoCore\Debug\libArduinoCore.a(wiring_digital.o)
 .comment       0x00000030       0x31 G:\Develop\Atmel\Code\328P_DHT22_433_inside_sensor\328P_DHT22_433_inside_sensor\ArduinoCore\Debug\libArduinoCore.a(WString.o)
 .comment       0x00000030       0x31 G:\Develop\Atmel\Code\328P_DHT22_433_inside_sensor\328P_DHT22_433_inside_sensor\ArduinoCore\Debug\libArduinoCore.a(hooks.o)
 .comment       0x00000030       0x31 g:/develop/atmel/studio/7.0/toolchain/avr8/avr8-gnu-toolchain/bin/../lib/gcc/avr/5.4.0/../../../../avr/lib/avr5\libc.a(malloc.o)
 .comment       0x00000030       0x31 g:/develop/atmel/studio/7.0/toolchain/avr8/avr8-gnu-toolchain/bin/../lib/gcc/avr/5.4.0/../../../../avr/lib/avr5\libc.a(realloc.o)

.note.gnu.avr.deviceinfo
                0x00000000       0x40
 .note.gnu.avr.deviceinfo
                0x00000000       0x40 g:/develop/atmel/studio/7.0/toolchain/avr8/avr8-gnu-toolchain/bin/../lib/gcc/avr/5.4.0/../../../../avr/lib/avr5/crtatmega328p.o

.note.gnu.build-id
 *(.note.gnu.build-id)

.debug
 *(.debug)

.line
 *(.line)

.debug_srcinfo
 *(.debug_srcinfo)

.debug_sfnames
 *(.debug_sfnames)

.debug_aranges  0x00000000      0x640
 *(.debug_aranges)
 .debug_aranges
                0x00000000       0x78 Sketch.o
 .debug_aranges
                0x00000078       0x60 src/libraries/DHT_sensor_library/DHT.o
 .debug_aranges
                0x000000d8       0x50 src/libraries/Low-Power/LowPower.o
 .debug_aranges
                0x00000128      0x150 src/libraries/rc-switch/RCSwitch.o
 .debug_aranges
                0x00000278       0x30 G:\Develop\Atmel\Code\328P_DHT22_433_inside_sensor\328P_DHT22_433_inside_sensor\ArduinoCore\Debug\libArduinoCore.a(main.o)
 .debug_aranges
                0x000002a8       0x40 G:\Develop\Atmel\Code\328P_DHT22_433_inside_sensor\328P_DHT22_433_inside_sensor\ArduinoCore\Debug\libArduinoCore.a(WInterrupts.o)
 .debug_aranges
                0x000002e8       0x48 G:\Develop\Atmel\Code\328P_DHT22_433_inside_sensor\328P_DHT22_433_inside_sensor\ArduinoCore\Debug\libArduinoCore.a(wiring.o)
 .debug_aranges
                0x00000330       0x38 G:\Develop\Atmel\Code\328P_DHT22_433_inside_sensor\328P_DHT22_433_inside_sensor\ArduinoCore\Debug\libArduinoCore.a(wiring_digital.o)
 .debug_aranges
                0x00000368      0x2b8 G:\Develop\Atmel\Code\328P_DHT22_433_inside_sensor\328P_DHT22_433_inside_sensor\ArduinoCore\Debug\libArduinoCore.a(WString.o)
 .debug_aranges
                0x00000620       0x20 G:\Develop\Atmel\Code\328P_DHT22_433_inside_sensor\328P_DHT22_433_inside_sensor\ArduinoCore\Debug\libArduinoCore.a(hooks.o)

.debug_pubnames
 *(.debug_pubnames)

.debug_info     0x00000000     0xb0c8
 *(.debug_info .gnu.linkonce.wi.*)
 .debug_info    0x00000000      0x5f4 g:/develop/atmel/studio/7.0/toolchain/avr8/avr8-gnu-toolchain/bin/../lib/gcc/avr/5.4.0/../../../../avr/lib/avr5/crtatmega328p.o
 .debug_info    0x000005f4     0x2b1e Sketch.o
 .debug_info    0x00003112      0xae8 src/libraries/DHT_sensor_library/DHT.o
 .debug_info    0x00003bfa      0x81f src/libraries/Low-Power/LowPower.o
 .debug_info    0x00004419     0x1c1d src/libraries/rc-switch/RCSwitch.o
 .debug_info    0x00006036      0x237 G:\Develop\Atmel\Code\328P_DHT22_433_inside_sensor\328P_DHT22_433_inside_sensor\ArduinoCore\Debug\libArduinoCore.a(main.o)
 .debug_info    0x0000626d      0x21c G:\Develop\Atmel\Code\328P_DHT22_433_inside_sensor\328P_DHT22_433_inside_sensor\ArduinoCore\Debug\libArduinoCore.a(WInterrupts.o)
 .debug_info    0x00006489      0x2cb G:\Develop\Atmel\Code\328P_DHT22_433_inside_sensor\328P_DHT22_433_inside_sensor\ArduinoCore\Debug\libArduinoCore.a(wiring.o)
 .debug_info    0x00006754      0x5fe G:\Develop\Atmel\Code\328P_DHT22_433_inside_sensor\328P_DHT22_433_inside_sensor\ArduinoCore\Debug\libArduinoCore.a(wiring_digital.o)
 .debug_info    0x00006d52     0x4338 G:\Develop\Atmel\Code\328P_DHT22_433_inside_sensor\328P_DHT22_433_inside_sensor\ArduinoCore\Debug\libArduinoCore.a(WString.o)
 .debug_info    0x0000b08a       0x3e G:\Develop\Atmel\Code\328P_DHT22_433_inside_sensor\328P_DHT22_433_inside_sensor\ArduinoCore\Debug\libArduinoCore.a(hooks.o)

.debug_abbrev   0x00000000     0x1e58
 *(.debug_abbrev)
 .debug_abbrev  0x00000000      0x5a2 g:/develop/atmel/studio/7.0/toolchain/avr8/avr8-gnu-toolchain/bin/../lib/gcc/avr/5.4.0/../../../../avr/lib/avr5/crtatmega328p.o
 .debug_abbrev  0x000005a2      0x56a Sketch.o
 .debug_abbrev  0x00000b0c      0x30f src/libraries/DHT_sensor_library/DHT.o
 .debug_abbrev  0x00000e1b      0x24c src/libraries/Low-Power/LowPower.o
 .debug_abbrev  0x00001067      0x43b src/libraries/rc-switch/RCSwitch.o
 .debug_abbrev  0x000014a2      0x12d G:\Develop\Atmel\Code\328P_DHT22_433_inside_sensor\328P_DHT22_433_inside_sensor\ArduinoCore\Debug\libArduinoCore.a(main.o)
 .debug_abbrev  0x000015cf       0xfc G:\Develop\Atmel\Code\328P_DHT22_433_inside_sensor\328P_DHT22_433_inside_sensor\ArduinoCore\Debug\libArduinoCore.a(WInterrupts.o)
 .debug_abbrev  0x000016cb      0x146 G:\Develop\Atmel\Code\328P_DHT22_433_inside_sensor\328P_DHT22_433_inside_sensor\ArduinoCore\Debug\libArduinoCore.a(wiring.o)
 .debug_abbrev  0x00001811      0x15b G:\Develop\Atmel\Code\328P_DHT22_433_inside_sensor\328P_DHT22_433_inside_sensor\ArduinoCore\Debug\libArduinoCore.a(wiring_digital.o)
 .debug_abbrev  0x0000196c      0x4c2 G:\Develop\Atmel\Code\328P_DHT22_433_inside_sensor\328P_DHT22_433_inside_sensor\ArduinoCore\Debug\libArduinoCore.a(WString.o)
 .debug_abbrev  0x00001e2e       0x2a G:\Develop\Atmel\Code\328P_DHT22_433_inside_sensor\328P_DHT22_433_inside_sensor\ArduinoCore\Debug\libArduinoCore.a(hooks.o)

.debug_line     0x00000000     0x3870
 *(.debug_line .debug_line.* .debug_line_end)
 .debug_line    0x00000000       0x1a g:/develop/atmel/studio/7.0/toolchain/avr8/avr8-gnu-toolchain/bin/../lib/gcc/avr/5.4.0/../../../../avr/lib/avr5/crtatmega328p.o
 .debug_line    0x0000001a      0x6d7 Sketch.o
 .debug_line    0x000006f1      0x4ab src/libraries/DHT_sensor_library/DHT.o
 .debug_line    0x00000b9c      0x606 src/libraries/Low-Power/LowPower.o
 .debug_line    0x000011a2      0xb9b src/libraries/rc-switch/RCSwitch.o
 .debug_line    0x00001d3d      0x159 G:\Develop\Atmel\Code\328P_DHT22_433_inside_sensor\328P_DHT22_433_inside_sensor\ArduinoCore\Debug\libArduinoCore.a(main.o)
 .debug_line    0x00001e96      0x194 G:\Develop\Atmel\Code\328P_DHT22_433_inside_sensor\328P_DHT22_433_inside_sensor\ArduinoCore\Debug\libArduinoCore.a(WInterrupts.o)
 .debug_line    0x0000202a      0x28e G:\Develop\Atmel\Code\328P_DHT22_433_inside_sensor\328P_DHT22_433_inside_sensor\ArduinoCore\Debug\libArduinoCore.a(wiring.o)
 .debug_line    0x000022b8      0x246 G:\Develop\Atmel\Code\328P_DHT22_433_inside_sensor\328P_DHT22_433_inside_sensor\ArduinoCore\Debug\libArduinoCore.a(wiring_digital.o)
 .debug_line    0x000024fe     0x1331 G:\Develop\Atmel\Code\328P_DHT22_433_inside_sensor\328P_DHT22_433_inside_sensor\ArduinoCore\Debug\libArduinoCore.a(WString.o)
 .debug_line    0x0000382f       0x41 G:\Develop\Atmel\Code\328P_DHT22_433_inside_sensor\328P_DHT22_433_inside_sensor\ArduinoCore\Debug\libArduinoCore.a(hooks.o)

.debug_frame    0x00000000     0x1620
 *(.debug_frame)
 .debug_frame   0x00000000      0x204 Sketch.o
 .debug_frame   0x00000204      0x1c4 src/libraries/DHT_sensor_library/DHT.o
 .debug_frame   0x000003c8       0xcc src/libraries/Low-Power/LowPower.o
 .debug_frame   0x00000494      0x480 src/libraries/rc-switch/RCSwitch.o
 .debug_frame   0x00000914       0x54 G:\Develop\Atmel\Code\328P_DHT22_433_inside_sensor\328P_DHT22_433_inside_sensor\ArduinoCore\Debug\libArduinoCore.a(main.o)
 .debug_frame   0x00000968       0xf4 G:\Develop\Atmel\Code\328P_DHT22_433_inside_sensor\328P_DHT22_433_inside_sensor\ArduinoCore\Debug\libArduinoCore.a(WInterrupts.o)
 .debug_frame   0x00000a5c       0xc4 G:\Develop\Atmel\Code\328P_DHT22_433_inside_sensor\328P_DHT22_433_inside_sensor\ArduinoCore\Debug\libArduinoCore.a(wiring.o)
 .debug_frame   0x00000b20       0x7c G:\Develop\Atmel\Code\328P_DHT22_433_inside_sensor\328P_DHT22_433_inside_sensor\ArduinoCore\Debug\libArduinoCore.a(wiring_digital.o)
 .debug_frame   0x00000b9c      0xa60 G:\Develop\Atmel\Code\328P_DHT22_433_inside_sensor\328P_DHT22_433_inside_sensor\ArduinoCore\Debug\libArduinoCore.a(WString.o)
 .debug_frame   0x000015fc       0x24 G:\Develop\Atmel\Code\328P_DHT22_433_inside_sensor\328P_DHT22_433_inside_sensor\ArduinoCore\Debug\libArduinoCore.a(hooks.o)

.debug_str      0x00000000     0x2972
 *(.debug_str)
 .debug_str     0x00000000      0x208 g:/develop/atmel/studio/7.0/toolchain/avr8/avr8-gnu-toolchain/bin/../lib/gcc/avr/5.4.0/../../../../avr/lib/avr5/crtatmega328p.o
 .debug_str     0x00000208     0x1c10 Sketch.o
                               0x1d12 (size before relaxing)
 .debug_str     0x00001e18      0x149 src/libraries/DHT_sensor_library/DHT.o
                                0x583 (size before relaxing)
 .debug_str     0x00001f61       0x8a src/libraries/Low-Power/LowPower.o
                                0x62c (size before relaxing)
 .debug_str     0x00001feb      0x29e src/libraries/rc-switch/RCSwitch.o
                                0xc45 (size before relaxing)
 .debug_str     0x00002289       0xbc G:\Develop\Atmel\Code\328P_DHT22_433_inside_sensor\328P_DHT22_433_inside_sensor\ArduinoCore\Debug\libArduinoCore.a(main.o)
                                0x2c1 (size before relaxing)
 .debug_str     0x00002345      0x13b G:\Develop\Atmel\Code\328P_DHT22_433_inside_sensor\328P_DHT22_433_inside_sensor\ArduinoCore\Debug\libArduinoCore.a(WInterrupts.o)
                                0x244 (size before relaxing)
 .debug_str     0x00002480       0x66 G:\Develop\Atmel\Code\328P_DHT22_433_inside_sensor\328P_DHT22_433_inside_sensor\ArduinoCore\Debug\libArduinoCore.a(wiring.o)
                                0x257 (size before relaxing)
 .debug_str     0x000024e6       0x77 G:\Develop\Atmel\Code\328P_DHT22_433_inside_sensor\328P_DHT22_433_inside_sensor\ArduinoCore\Debug\libArduinoCore.a(wiring_digital.o)
                                0x2bc (size before relaxing)
 .debug_str     0x0000255d      0x3f9 G:\Develop\Atmel\Code\328P_DHT22_433_inside_sensor\328P_DHT22_433_inside_sensor\ArduinoCore\Debug\libArduinoCore.a(WString.o)
                               0x11a2 (size before relaxing)
 .debug_str     0x00002956       0x1c G:\Develop\Atmel\Code\328P_DHT22_433_inside_sensor\328P_DHT22_433_inside_sensor\ArduinoCore\Debug\libArduinoCore.a(hooks.o)
                                0x14c (size before relaxing)

.debug_loc      0x00000000     0x7f52
 *(.debug_loc)
 .debug_loc     0x00000000      0x617 Sketch.o
 .debug_loc     0x00000617      0xbe1 src/libraries/DHT_sensor_library/DHT.o
 .debug_loc     0x000011f8      0x5a3 src/libraries/Low-Power/LowPower.o
 .debug_loc     0x0000179b     0x1acc src/libraries/rc-switch/RCSwitch.o
 .debug_loc     0x00003267      0x235 G:\Develop\Atmel\Code\328P_DHT22_433_inside_sensor\328P_DHT22_433_inside_sensor\ArduinoCore\Debug\libArduinoCore.a(WInterrupts.o)
 .debug_loc     0x0000349c      0x28d G:\Develop\Atmel\Code\328P_DHT22_433_inside_sensor\328P_DHT22_433_inside_sensor\ArduinoCore\Debug\libArduinoCore.a(wiring.o)
 .debug_loc     0x00003729      0x5fc G:\Develop\Atmel\Code\328P_DHT22_433_inside_sensor\328P_DHT22_433_inside_sensor\ArduinoCore\Debug\libArduinoCore.a(wiring_digital.o)
 .debug_loc     0x00003d25     0x422d G:\Develop\Atmel\Code\328P_DHT22_433_inside_sensor\328P_DHT22_433_inside_sensor\ArduinoCore\Debug\libArduinoCore.a(WString.o)

.debug_macinfo
 *(.debug_macinfo)

.debug_weaknames
 *(.debug_weaknames)

.debug_funcnames
 *(.debug_funcnames)

.debug_typenames
 *(.debug_typenames)

.debug_varnames
 *(.debug_varnames)

.debug_pubtypes
 *(.debug_pubtypes)

.debug_ranges   0x00000000      0x650
 *(.debug_ranges)
 .debug_ranges  0x00000000       0x68 Sketch.o
 .debug_ranges  0x00000068       0x68 src/libraries/DHT_sensor_library/DHT.o
 .debug_ranges  0x000000d0       0x40 src/libraries/Low-Power/LowPower.o
 .debug_ranges  0x00000110      0x188 src/libraries/rc-switch/RCSwitch.o
 .debug_ranges  0x00000298       0x20 G:\Develop\Atmel\Code\328P_DHT22_433_inside_sensor\328P_DHT22_433_inside_sensor\ArduinoCore\Debug\libArduinoCore.a(main.o)
 .debug_ranges  0x000002b8       0x30 G:\Develop\Atmel\Code\328P_DHT22_433_inside_sensor\328P_DHT22_433_inside_sensor\ArduinoCore\Debug\libArduinoCore.a(WInterrupts.o)
 .debug_ranges  0x000002e8       0x38 G:\Develop\Atmel\Code\328P_DHT22_433_inside_sensor\328P_DHT22_433_inside_sensor\ArduinoCore\Debug\libArduinoCore.a(wiring.o)
 .debug_ranges  0x00000320       0x28 G:\Develop\Atmel\Code\328P_DHT22_433_inside_sensor\328P_DHT22_433_inside_sensor\ArduinoCore\Debug\libArduinoCore.a(wiring_digital.o)
 .debug_ranges  0x00000348      0x2f8 G:\Develop\Atmel\Code\328P_DHT22_433_inside_sensor\328P_DHT22_433_inside_sensor\ArduinoCore\Debug\libArduinoCore.a(WString.o)
 .debug_ranges  0x00000640       0x10 G:\Develop\Atmel\Code\328P_DHT22_433_inside_sensor\328P_DHT22_433_inside_sensor\ArduinoCore\Debug\libArduinoCore.a(hooks.o)

.debug_macro
 *(.debug_macro)
OUTPUT(low_power_sensor_inside.elf elf32-avr)
LOAD linker stubs
