Archive member included to satisfy reference by file (symbol)

g:/develop/atmel/studio/7.0/toolchain/avr8/avr8-gnu-toolchain/bin/../lib/gcc/avr/5.4.0/../../../../avr/lib/avr5\libm.a(addsf3.o)
                              src/libraries/DallasTemp/DallasTemperature.o (__subsf3)
g:/develop/atmel/studio/7.0/toolchain/avr8/avr8-gnu-toolchain/bin/../lib/gcc/avr/5.4.0/../../../../avr/lib/avr5\libm.a(addsf3x.o)
                              g:/develop/atmel/studio/7.0/toolchain/avr8/avr8-gnu-toolchain/bin/../lib/gcc/avr/5.4.0/../../../../avr/lib/avr5\libm.a(addsf3.o) (__addsf3x)
g:/develop/atmel/studio/7.0/toolchain/avr8/avr8-gnu-toolchain/bin/../lib/gcc/avr/5.4.0/../../../../avr/lib/avr5\libm.a(cmpsf2.o)
                              src/libraries/DHT_sensor_library/DHT.o (__ltsf2)
g:/develop/atmel/studio/7.0/toolchain/avr8/avr8-gnu-toolchain/bin/../lib/gcc/avr/5.4.0/../../../../avr/lib/avr5\libm.a(divsf3.o)
                              src/libraries/DallasTemp/DallasTemperature.o (__divsf3)
g:/develop/atmel/studio/7.0/toolchain/avr8/avr8-gnu-toolchain/bin/../lib/gcc/avr/5.4.0/../../../../avr/lib/avr5\libm.a(divsf3x.o)
                              g:/develop/atmel/studio/7.0/toolchain/avr8/avr8-gnu-toolchain/bin/../lib/gcc/avr/5.4.0/../../../../avr/lib/avr5\libm.a(divsf3.o) (__divsf3x)
g:/develop/atmel/studio/7.0/toolchain/avr8/avr8-gnu-toolchain/bin/../lib/gcc/avr/5.4.0/../../../../avr/lib/avr5\libm.a(fixsfsi.o)
                              Sketch.o (__fixsfsi)
g:/develop/atmel/studio/7.0/toolchain/avr8/avr8-gnu-toolchain/bin/../lib/gcc/avr/5.4.0/../../../../avr/lib/avr5\libm.a(fixunssfsi.o)
                              src/libraries/DallasTemp/DallasTemperature.o (__fixunssfsi)
g:/develop/atmel/studio/7.0/toolchain/avr8/avr8-gnu-toolchain/bin/../lib/gcc/avr/5.4.0/../../../../avr/lib/avr5\libm.a(floatsisf.o)
                              src/libraries/DallasTemp/DallasTemperature.o (__floatunsisf)
g:/develop/atmel/studio/7.0/toolchain/avr8/avr8-gnu-toolchain/bin/../lib/gcc/avr/5.4.0/../../../../avr/lib/avr5\libm.a(fp_cmp.o)
                              g:/develop/atmel/studio/7.0/toolchain/avr8/avr8-gnu-toolchain/bin/../lib/gcc/avr/5.4.0/../../../../avr/lib/avr5\libm.a(cmpsf2.o) (__fp_cmp)
g:/develop/atmel/studio/7.0/toolchain/avr8/avr8-gnu-toolchain/bin/../lib/gcc/avr/5.4.0/../../../../avr/lib/avr5\libm.a(fp_inf.o)
                              g:/develop/atmel/studio/7.0/toolchain/avr8/avr8-gnu-toolchain/bin/../lib/gcc/avr/5.4.0/../../../../avr/lib/avr5\libm.a(addsf3x.o) (__fp_inf)
g:/develop/atmel/studio/7.0/toolchain/avr8/avr8-gnu-toolchain/bin/../lib/gcc/avr/5.4.0/../../../../avr/lib/avr5\libm.a(fp_nan.o)
                              g:/develop/atmel/studio/7.0/toolchain/avr8/avr8-gnu-toolchain/bin/../lib/gcc/avr/5.4.0/../../../../avr/lib/avr5\libm.a(addsf3x.o) (__fp_nan)
g:/develop/atmel/studio/7.0/toolchain/avr8/avr8-gnu-toolchain/bin/../lib/gcc/avr/5.4.0/../../../../avr/lib/avr5\libm.a(fp_pscA.o)
                              g:/develop/atmel/studio/7.0/toolchain/avr8/avr8-gnu-toolchain/bin/../lib/gcc/avr/5.4.0/../../../../avr/lib/avr5\libm.a(addsf3x.o) (__fp_pscA)
g:/develop/atmel/studio/7.0/toolchain/avr8/avr8-gnu-toolchain/bin/../lib/gcc/avr/5.4.0/../../../../avr/lib/avr5\libm.a(fp_pscB.o)
                              g:/develop/atmel/studio/7.0/toolchain/avr8/avr8-gnu-toolchain/bin/../lib/gcc/avr/5.4.0/../../../../avr/lib/avr5\libm.a(addsf3x.o) (__fp_pscB)
g:/develop/atmel/studio/7.0/toolchain/avr8/avr8-gnu-toolchain/bin/../lib/gcc/avr/5.4.0/../../../../avr/lib/avr5\libm.a(fp_round.o)
                              g:/develop/atmel/studio/7.0/toolchain/avr8/avr8-gnu-toolchain/bin/../lib/gcc/avr/5.4.0/../../../../avr/lib/avr5\libm.a(addsf3.o) (__fp_round)
g:/develop/atmel/studio/7.0/toolchain/avr8/avr8-gnu-toolchain/bin/../lib/gcc/avr/5.4.0/../../../../avr/lib/avr5\libm.a(fp_split3.o)
                              g:/develop/atmel/studio/7.0/toolchain/avr8/avr8-gnu-toolchain/bin/../lib/gcc/avr/5.4.0/../../../../avr/lib/avr5\libm.a(addsf3x.o) (__fp_split3)
g:/develop/atmel/studio/7.0/toolchain/avr8/avr8-gnu-toolchain/bin/../lib/gcc/avr/5.4.0/../../../../avr/lib/avr5\libm.a(fp_zero.o)
                              g:/develop/atmel/studio/7.0/toolchain/avr8/avr8-gnu-toolchain/bin/../lib/gcc/avr/5.4.0/../../../../avr/lib/avr5\libm.a(addsf3x.o) (__fp_zero)
g:/develop/atmel/studio/7.0/toolchain/avr8/avr8-gnu-toolchain/bin/../lib/gcc/avr/5.4.0/../../../../avr/lib/avr5\libm.a(gesf2.o)
                              src/libraries/DHT_sensor_library/DHT.o (__gesf2)
g:/develop/atmel/studio/7.0/toolchain/avr8/avr8-gnu-toolchain/bin/../lib/gcc/avr/5.4.0/../../../../avr/lib/avr5\libm.a(mulsf3.o)
                              Sketch.o (__mulsf3)
g:/develop/atmel/studio/7.0/toolchain/avr8/avr8-gnu-toolchain/bin/../lib/gcc/avr/5.4.0/../../../../avr/lib/avr5\libm.a(mulsf3x.o)
[...]
Memory Configuration

Name             Origin             Length             Attributes
text             0x00000000         0x00020000         xr
data             0x00800060         0x0000ffa0         rw !x
eeprom           0x00810000         0x00010000         rw !x
fuse             0x00820000         0x00000003         rw !x
lock             0x00830000         0x00000400         rw !x
signature        0x00840000         0x00000400         rw !x
user_signatures  0x00850000         0x00000400         rw !x
*default*        0x00000000         0xffffffff

Linker script and memory map

Address of section .data set to 0x800100
LOAD g:/develop/atmel/studio/7.0/toolchain/avr8/avr8-gnu-toolchain/bin/../lib/gcc/avr/5.4.0/../../../../avr/lib/avr5/crtatmega328p.o
LOAD Sketch.o
LOAD src/libraries/DallasTemp/DallasTemperature.o
LOAD src/libraries/DHTNEW/dhtnew.o
LOAD src/libraries/Dht_mysens/DHT_mysens.o
LOAD src/libraries/DHT_sensor_library/DHT.o
LOAD src/libraries/DHT_sensor_library/DHT_U.o
LOAD src/libraries/Low-Power/LowPower.o
LOAD src/libraries/Onewire/OneWire.o
LOAD src/libraries/rc-switch/RCSwitch.o
START GROUP
LOAD g:/develop/atmel/studio/7.0/toolchain/avr8/avr8-gnu-toolchain/bin/../lib/gcc/avr/5.4.0/../../../../avr/lib/avr5\libm.a
LOAD G:\Develop\Atmel\Code\328P_DHT22_433_inside_sensor\328P_DHT22_433_inside_sensor\ArduinoCore\Debug\libArduinoCore.a
END GROUP
LOAD g:/develop/atmel/studio/7.0/toolchain/avr8/avr8-gnu-toolchain/bin/../lib/gcc/avr/5.4.0/avr5\libgcc.a
LOAD g:/develop/atmel/studio/7.0/toolchain/avr8/avr8-gnu-toolchain/bin/../lib/gcc/avr/5.4.0/../../../../avr/lib/avr5\libm.a
START GROUP
LOAD g:/develop/atmel/studio/7.0/toolchain/avr8/avr8-gnu-toolchain/bin/../lib/gcc/avr/5.4.0/avr5\libgcc.a
LOAD g:/develop/atmel/studio/7.0/toolchain/avr8/avr8-gnu-toolchain/bin/../lib/gcc/avr/5.4.0/../../../../avr/lib/avr5\libm.a
LOAD g:/develop/atmel/studio/7.0/toolchain/avr8/avr8-gnu-toolchain/bin/../lib/gcc/avr/5.4.0/../../../../avr/lib/avr5\libc.a
LOAD g:/develop/atmel/studio/7.0/toolchain/avr8/avr8-gnu-toolchain/bin/../lib/gcc/avr/5.4.0/../../../../avr/lib/avr5\libatmega328p.a
END GROUP
                0x00020000                __TEXT_REGION_LENGTH__ = DEFINED (__TEXT_REGION_LENGTH__)?__TEXT_REGION_LENGTH__:0x20000
                0x0000ffa0                __DATA_REGION_LENGTH__ = DEFINED (__DATA_REGION_LENGTH__)?__DATA_REGION_LENGTH__:0xffa0
                0x00010000                __EEPROM_REGION_LENGTH__ = DEFINED (__EEPROM_REGION_LENGTH__)?__EEPROM_REGION_LENGTH__:0x10000
                [0x00000003]                __FUSE_REGION_LENGTH__ = DEFINED (__FUSE_REGION_LENGTH__)?__FUSE_REGION_LENGTH__:0x400
                0x00000400                __LOCK_REGION_LENGTH__ = DEFINED (__LOCK_REGION_LENGTH__)?__LOCK_REGION_LENGTH__:0x400
                0x00000400                __SIGNATURE_REGION_LENGTH__ = DEFINED (__SIGNATURE_REGION_LENGTH__)?__SIGNATURE_REGION_LENGTH__:0x400
                0x00000400                __USER_SIGNATURE_REGION_LENGTH__ = DEFINED (__USER_SIGNATURE_REGION_LENGTH__)?__USER_SIGNATURE_REGION_LENGTH__:0x400

.hash
 *(.hash)

.dynsym
 *(.dynsym)

.dynstr
 *(.dynstr)

.gnu.version
 *(.gnu.version)

.gnu.version_d
 *(.gnu.version_d)

.gnu.version_r
 *(.gnu.version_r)

.rel.init
 *(.rel.init)

.rela.init
 *(.rela.init)

.rel.text
 *(.rel.text)
 *(.rel.text.*)
 *(.rel.gnu.linkonce.t*)

.rela.text
 *(.rela.text)
 *(.rela.text.*)
 *(.rela.gnu.linkonce.t*)

.rel.fini
 *(.rel.fini)

.rela.fini
 *(.rela.fini)

.rel.rodata
 *(.rel.rodata)
 *(.rel.rodata.*)
 *(.rel.gnu.linkonce.r*)

.rela.rodata
 *(.rela.rodata)
 *(.rela.rodata.*)
 *(.rela.gnu.linkonce.r*)

.rel.data
 *(.rel.data)
 *(.rel.data.*)
 *(.rel.gnu.linkonce.d*)

.rela.data
 *(.rela.data)
 *(.rela.data.*)
 *(.rela.gnu.linkonce.d*)

.rel.ctors
 *(.rel.ctors)

.rela.ctors
 *(.rela.ctors)

.rel.dtors
 *(.rel.dtors)

.rela.dtors
 *(.rela.dtors)

.rel.got
 *(.rel.got)

.rela.got
 *(.rela.got)

.rel.bss
 *(.rel.bss)

.rela.bss
 *(.rela.bss)

.rel.plt
 *(.rel.plt)

.rela.plt
 *(.rela.plt)

.text           0x00000000     0x2450
 *(.vectors)
 .vectors       0x00000000       0x68 g:/develop/atmel/studio/7.0/toolchain/avr8/avr8-gnu-toolchain/bin/../lib/gcc/avr/5.4.0/../../../../avr/lib/avr5/crtatmega328p.o
                0x00000000                __vector_default
                0x00000000                __vectors
 *(.vectors)
 *(.progmem.gcc*)
                0x00000068                . = ALIGN (0x2)
                0x00000068                __trampolines_start = .
 *(.trampolines)
 .trampolines   0x00000068        0x0 linker stubs
 *(.trampolines*)
                0x00000068                __trampolines_end = .
 *libprintf_flt.a:*(.progmem.data)
 *libc.a:*(.progmem.data)
 *(.progmem*)
 .progmem.data._ZL5proto
                0x00000068       0x36 src/libraries/rc-switch/RCSwitch.o
 .progmem.data.digital_pin_to_timer_PGM
                0x0000009e       0x14 G:\Develop\Atmel\Code\328P_DHT22_433_inside_sensor\328P_DHT22_433_inside_sensor\ArduinoCore\Debug\libArduinoCore.a(wiring_digital.o)
                0x0000009e                digital_pin_to_timer_PGM
 .progmem.data.digital_pin_to_bit_mask_PGM
                0x000000b2       0x14 G:\Develop\Atmel\Code\328P_DHT22_433_inside_sensor\328P_DHT22_433_inside_sensor\ArduinoCore\Debug\libArduinoCore.a(wiring_digital.o)
                0x000000b2                digital_pin_to_bit_mask_PGM
 .progmem.data.digital_pin_to_port_PGM
                0x000000c6       0x14 G:\Develop\Atmel\Code\328P_DHT22_433_inside_sensor\328P_DHT22_433_inside_sensor\ArduinoCore\Debug\libArduinoCore.a(wiring_digital.o)
                0x000000c6                digital_pin_to_port_PGM
 .progmem.data.port_to_input_PGM
                0x000000da        0xa G:\Develop\Atmel\Code\328P_DHT22_433_inside_sensor\328P_DHT22_433_inside_sensor\ArduinoCore\Debug\libArduinoCore.a(wiring_digital.o)
                0x000000da                port_to_input_PGM
 .progmem.data.port_to_output_PGM
                0x000000e4        0xa G:\Develop\Atmel\Code\328P_DHT22_433_inside_sensor\328P_DHT22_433_inside_sensor\ArduinoCore\Debug\libArduinoCore.a(wiring_digital.o)
                0x000000e4                port_to_output_PGM
 .progmem.data.port_to_mode_PGM
                0x000000ee        0xa G:\Develop\Atmel\Code\328P_DHT22_433_inside_sensor\328P_DHT22_433_inside_sensor\ArduinoCore\Debug\libArduinoCore.a(wiring_digital.o)
                0x000000ee                port_to_mode_PGM
                0x000000f8                . = ALIGN (0x2)
 *(.jumptables)
 *(.jumptables*)
 *(.lowtext)
 *(.lowtext*)
                0x000000f8                __ctors_start = .
 *(.ctors)
 .ctors         0x000000f8        0x2 Sketch.o
                0x000000fa                __ctors_end = .
                0x000000fa                __dtors_start = .
 *(.dtors)
                0x000000fa                __dtors_end = .
 SORT(*)(.ctors)
 SORT(*)(.dtors)
 *(.init0)
 .init0         0x000000fa        0x0 g:/develop/atmel/studio/7.0/toolchain/avr8/avr8-gnu-toolchain/bin/../lib/gcc/avr/5.4.0/../../../../avr/lib/avr5/crtatmega328p.o
                0x000000fa                __init
 *(.init0)
 *(.init1)
 *(.init1)
 *(.init2)
 .init2         0x000000fa        0xc g:/develop/atmel/studio/7.0/toolchain/avr8/avr8-gnu-toolchain/bin/../lib/gcc/avr/5.4.0/../../../../avr/lib/avr5/crtatmega328p.o
 *(.init2)
 *(.init3)
 *(.init3)
 *(.init4)
 .init4         0x00000106       0x16 g:/develop/atmel/studio/7.0/toolchain/avr8/avr8-gnu-toolchain/bin/../lib/gcc/avr/5.4.0/avr5\libgcc.a(_copy_data.o)
                0x00000106                __do_copy_data
 .init4         0x0000011c       0x10 g:/develop/atmel/studio/7.0/toolchain/avr8/avr8-gnu-toolchain/bin/../lib/gcc/avr/5.4.0/avr5\libgcc.a(_clear_bss.o)
                0x0000011c                __do_clear_bss
 *(.init4)
 *(.init5)
 *(.init5)
 *(.init6)
 .init6         0x0000012c       0x16 g:/develop/atmel/studio/7.0/toolchain/avr8/avr8-gnu-toolchain/bin/../lib/gcc/avr/5.4.0/avr5\libgcc.a(_ctors.o)
                0x0000012c                __do_global_ctors
 *(.init6)
 *(.init7)
 *(.init7)
 *(.init8)
 *(.init8)
 *(.init9)
 .init9         0x00000142        0x8 g:/develop/atmel/studio/7.0/toolchain/avr8/avr8-gnu-toolchain/bin/../lib/gcc/avr/5.4.0/../../../../avr/lib/avr5/crtatmega328p.o
 *(.init9)
 *(.text)
 .text          0x0000014a        0x4 g:/develop/atmel/studio/7.0/toolchain/avr8/avr8-gnu-toolchain/bin/../lib/gcc/avr/5.4.0/../../../../avr/lib/avr5/crtatmega328p.o
                0x0000014a                __vector_22
                0x0000014a                __vector_24
                0x0000014a                __vector_12
                0x0000014a                __bad_interrupt
                0x0000014a                __vector_3
                0x0000014a                __vector_23
                0x0000014a                __vector_25
                0x0000014a                __vector_11
                0x0000014a                __vector_13
                0x0000014a                __vector_17
                0x0000014a                __vector_19
                0x0000014a                __vector_7
                0x0000014a                __vector_5
                0x0000014a                __vector_4
                0x0000014a                __vector_9
                0x0000014a                __vector_21
                0x0000014a                __vector_15
                0x0000014a                __vector_8
                0x0000014a                __vector_14
                0x0000014a                __vector_10
                0x0000014a                __vector_18
                0x0000014a                __vector_20
                0x0000014e                . = ALIGN (0x2)
 *(.text.*)
 .text._Z17setAllPinInputLowv
                0x0000014e       0x1e Sketch.o
                0x0000014e                _Z17setAllPinInputLowv
 .text._Z11ledOneBlinkv
                0x0000016c       0x2c Sketch.o
                0x0000016c                _Z11ledOneBlinkv
 .text._Z10pinPowerOni
                0x00000198       0x14 Sketch.o
                0x00000198                _Z10pinPowerOni
 .text._Z11pinPowerOffii
                0x000001ac       0x2a Sketch.o
                0x000001ac                _Z11pinPowerOffii
 .text.setup    0x000001d6       0x5e Sketch.o
                0x000001d6                setup
 .text._Z12sleepSecondsi
                0x00000234       0x40 Sketch.o
                0x00000234                _Z12sleepSecondsi
 .text._Z19checkForFreshEEpromv
                0x00000274       0x38 Sketch.o
                0x00000274                _Z19checkForFreshEEpromv
 .text._Z10readEEDatav
                0x000002ac       0x76 Sketch.o
                0x000002ac                _Z10readEEDatav
 .text._Z11writeEEDatab
                0x00000322       0xce Sketch.o
                0x00000322                _Z11writeEEDatab
 .text._Z23measureTempAndHum_DHT22v
                0x000003f0      0x112 Sketch.o
                0x000003f0                _Z23measureTempAndHum_DHT22v
 .text._Z8sendDatall
                0x00000502      0x104 Sketch.o
                0x00000502                _Z8sendDatall
 .text._Z16TempAndHum_DHT22v
                0x00000606      0x346 Sketch.o
                0x00000606                _Z16TempAndHum_DHT22v
 .text._Z10loop_dht22v
                0x0000094c       0x24 Sketch.o
                0x0000094c                _Z10loop_dht22v
 .text._Z10vccVoltagev
                0x00000970       0x52 Sketch.o
                0x00000970                _Z10vccVoltagev
 .text.loop     0x000009c2       0xd2 Sketch.o
                0x000009c2                loop
 .text.startup._GLOBAL__sub_I_mySwitch
                0x00000a94       0x12 Sketch.o
 .text._ZN6DHTNEWC2Eh
                0x00000aa6       0x24 src/libraries/DHTNEW/dhtnew.o
                0x00000aa6                _ZN6DHTNEWC1Eh
                0x00000aa6                _ZN6DHTNEWC2Eh
 .text._ZN6DHTNEW11_readSensorEv
                0x00000aca      0x10c src/libraries/DHTNEW/dhtnew.o
                0x00000aca                _ZN6DHTNEW11_readSensorEv
 .text._ZN6DHTNEW5_readEv
                0x00000bd6      0x1ac src/libraries/DHTNEW/dhtnew.o
                0x00000bd6                _ZN6DHTNEW5_readEv
 .text._ZN6DHTNEW4readEv
                0x00000d82       0x48 src/libraries/DHTNEW/dhtnew.o
                0x00000d82                _ZN6DHTNEW4readEv
 .text._ZN13LowPowerClass9powerDownE8period_t5adc_t5bod_t
                0x00000dca       0x94 src/libraries/Low-Power/LowPower.o
                0x00000dca                _ZN13LowPowerClass9powerDownE8period_t5adc_t5bod_t
 .text.__vector_6
                0x00000e5e       0x2e src/libraries/Low-Power/LowPower.o
                0x00000e5e                __vector_6
 .text._ZN8RCSwitch11setProtocolEi
                0x00000e8c       0x30 src/libraries/rc-switch/RCSwitch.o
                0x00000e8c                _ZN8RCSwitch11setProtocolEi
 .text._ZN8RCSwitchC2Ev
                0x00000ebc       0x4e src/libraries/rc-switch/RCSwitch.o
                0x00000ebc                _ZN8RCSwitchC2Ev
                0x00000ebc                _ZN8RCSwitchC1Ev
 .text._ZN8RCSwitch17setRepeatTransmitEi
                0x00000f0a        0x8 src/libraries/rc-switch/RCSwitch.o
                0x00000f0a                _ZN8RCSwitch17setRepeatTransmitEi
 .text._ZN8RCSwitch14enableTransmitEi
                0x00000f12        0xe src/libraries/rc-switch/RCSwitch.o
                0x00000f12                _ZN8RCSwitch14enableTransmitEi
 .text._ZN8RCSwitch15disableTransmitEv
                0x00000f20        0xc src/libraries/rc-switch/RCSwitch.o
                0x00000f20                _ZN8RCSwitch15disableTransmitEv
 .text._ZN8RCSwitch8transmitENS_7HighLowE
                0x00000f2c       0x60 src/libraries/rc-switch/RCSwitch.o
                0x00000f2c                _ZN8RCSwitch8transmitENS_7HighLowE
 .text._ZN8RCSwitch13enableReceiveEv
                0x00000f8c       0x34 src/libraries/rc-switch/RCSwitch.o
                0x00000f8c                _ZN8RCSwitch13enableReceiveEv
 .text._ZN8RCSwitch14disableReceiveEv
                0x00000fc0       0x1a src/libraries/rc-switch/RCSwitch.o
                0x00000fc0                _ZN8RCSwitch14disableReceiveEv
 .text._ZN8RCSwitch4sendEmj
                0x00000fda      0x112 src/libraries/rc-switch/RCSwitch.o
                0x00000fda                _ZN8RCSwitch4sendEmj
 .text._ZN8RCSwitch15receiveProtocolEij
                0x000010ec      0x1d8 src/libraries/rc-switch/RCSwitch.o
                0x000010ec                _ZN8RCSwitch15receiveProtocolEij
 .text._ZN8RCSwitch15handleInterruptEv
                0x000012c4       0xf6 src/libraries/rc-switch/RCSwitch.o
                0x000012c4                _ZN8RCSwitch15handleInterruptEv
 .text.avr-libc.fplib
                0x000013ba        0xe g:/develop/atmel/studio/7.0/toolchain/avr8/avr8-gnu-toolchain/bin/../lib/gcc/avr/5.4.0/../../../../avr/lib/avr5\libm.a(addsf3.o)
                0x000013ba                __subsf3
                0x000013bc                __addsf3
 .text.avr-libc.fplib
                0x000013c8       0xcc g:/develop/atmel/studio/7.0/toolchain/avr8/avr8-gnu-toolchain/bin/../lib/gcc/avr/5.4.0/../../../../avr/lib/avr5\libm.a(addsf3x.o)
                0x000013ea                __addsf3x
 .text.avr-libc.fplib
                0x00001494        0xe g:/develop/atmel/studio/7.0/toolchain/avr8/avr8-gnu-toolchain/bin/../lib/gcc/avr/5.4.0/../../../../avr/lib/avr5\libm.a(fixsfsi.o)
                0x00001494                __fixsfsi
 .text.avr-libc.fplib
                0x000014a2       0x5e g:/develop/atmel/studio/7.0/toolchain/avr8/avr8-gnu-toolchain/bin/../lib/gcc/avr/5.4.0/../../../../avr/lib/avr5\libm.a(fixunssfsi.o)
                0x000014a2                __fixunssfsi
 .text.avr-libc.fplib
                0x00001500       0x7a g:/develop/atmel/studio/7.0/toolchain/avr8/avr8-gnu-toolchain/bin/../lib/gcc/avr/5.4.0/../../../../avr/lib/avr5\libm.a(floatsisf.o)
                0x00001500                __floatunsisf
                0x00001504                __floatsisf
 .text.avr-libc.fplib
                0x0000157a       0x48 g:/develop/atmel/studio/7.0/toolchain/avr8/avr8-gnu-toolchain/bin/../lib/gcc/avr/5.4.0/../../../../avr/lib/avr5\libm.a(fp_cmp.o)
                0x0000157a                __fp_cmp
 .text.avr-libc.fplib
                0x000015c2        0xc g:/develop/atmel/studio/7.0/toolchain/avr8/avr8-gnu-toolchain/bin/../lib/gcc/avr/5.4.0/../../../../avr/lib/avr5\libm.a(fp_inf.o)
                0x000015c2                __fp_inf
 .text.avr-libc.fplib
                0x000015ce        0x6 g:/develop/atmel/studio/7.0/toolchain/avr8/avr8-gnu-toolchain/bin/../lib/gcc/avr/5.4.0/../../../../avr/lib/avr5\libm.a(fp_nan.o)
                0x000015ce                __fp_nan
 .text.avr-libc.fplib
                0x000015d4        0xe g:/develop/atmel/studio/7.0/toolchain/avr8/avr8-gnu-toolchain/bin/../lib/gcc/avr/5.4.0/../../../../avr/lib/avr5\libm.a(fp_pscA.o)
                0x000015d4                __fp_pscA
 .text.avr-libc.fplib
                0x000015e2        0xe g:/develop/atmel/studio/7.0/toolchain/avr8/avr8-gnu-toolchain/bin/../lib/gcc/avr/5.4.0/../../../../avr/lib/avr5\libm.a(fp_pscB.o)
                0x000015e2                __fp_pscB
 .text.avr-libc.fplib
                0x000015f0       0x22 g:/develop/atmel/studio/7.0/toolchain/avr8/avr8-gnu-toolchain/bin/../lib/gcc/avr/5.4.0/../../../../avr/lib/avr5\libm.a(fp_round.o)
                0x000015f0                __fp_round
 .text.avr-libc.fplib
                0x00001612       0x44 g:/develop/atmel/studio/7.0/toolchain/avr8/avr8-gnu-toolchain/bin/../lib/gcc/avr/5.4.0/../../../../avr/lib/avr5\libm.a(fp_split3.o)
                0x00001612                __fp_split3
                0x00001622                __fp_splitA
 .text.avr-libc.fplib
                0x00001656        0xe g:/develop/atmel/studio/7.0/toolchain/avr8/avr8-gnu-toolchain/bin/../lib/gcc/avr/5.4.0/../../../../avr/lib/avr5\libm.a(fp_zero.o)
                0x00001656                __fp_zero
                0x00001658                __fp_szero
 .text.avr-libc.fplib
                0x00001664        0xa g:/develop/atmel/studio/7.0/toolchain/avr8/avr8-gnu-toolchain/bin/../lib/gcc/avr/5.4.0/../../../../avr/lib/avr5\libm.a(gesf2.o)
                0x00001664                __gesf2
                0x00001664                __gtsf2
 .text.avr-libc.fplib
                0x0000166e        0x8 g:/develop/atmel/studio/7.0/toolchain/avr8/avr8-gnu-toolchain/bin/../lib/gcc/avr/5.4.0/../../../../avr/lib/avr5\libm.a(mulsf3.o)
                0x0000166e                __mulsf3
 .text.avr-libc.fplib
                0x00001676       0xd2 g:/develop/atmel/studio/7.0/toolchain/avr8/avr8-gnu-toolchain/bin/../lib/gcc/avr/5.4.0/../../../../avr/lib/avr5\libm.a(mulsf3x.o)
                0x00001694                __mulsf3x
                0x0000169a                __mulsf3_pse
 .text.avr-libc.fplib
                0x00001748        0xa g:/develop/atmel/studio/7.0/toolchain/avr8/avr8-gnu-toolchain/bin/../lib/gcc/avr/5.4.0/../../../../avr/lib/avr5\libm.a(unordsf2.o)
                0x00001748                __unordsf2
 .text.initVariant
                0x00001752        0x2 G:\Develop\Atmel\Code\328P_DHT22_433_inside_sensor\328P_DHT22_433_inside_sensor\ArduinoCore\Debug\libArduinoCore.a(main.o)
                0x00001752                initVariant
 .text.startup.main
                0x00001754       0x1e G:\Develop\Atmel\Code\328P_DHT22_433_inside_sensor\328P_DHT22_433_inside_sensor\ArduinoCore\Debug\libArduinoCore.a(main.o)
                0x00001754                main
 .text.nothing  0x00001772        0x2 G:\Develop\Atmel\Code\328P_DHT22_433_inside_sensor\328P_DHT22_433_inside_sensor\ArduinoCore\Debug\libArduinoCore.a(WInterrupts.o)
 .text.attachInterrupt
                0x00001774       0x40 G:\Develop\Atmel\Code\328P_DHT22_433_inside_sensor\328P_DHT22_433_inside_sensor\ArduinoCore\Debug\libArduinoCore.a(WInterrupts.o)
                0x00001774                attachInterrupt
 .text.detachInterrupt
                0x000017b4       0x24 G:\Develop\Atmel\Code\328P_DHT22_433_inside_sensor\328P_DHT22_433_inside_sensor\ArduinoCore\Debug\libArduinoCore.a(WInterrupts.o)
                0x000017b4                detachInterrupt
 .text.__vector_1
                0x000017d8       0x4e G:\Develop\Atmel\Code\328P_DHT22_433_inside_sensor\328P_DHT22_433_inside_sensor\ArduinoCore\Debug\libArduinoCore.a(WInterrupts.o)
                0x000017d8                __vector_1
 .text.__vector_2
                0x00001826       0x4e G:\Develop\Atmel\Code\328P_DHT22_433_inside_sensor\328P_DHT22_433_inside_sensor\ArduinoCore\Debug\libArduinoCore.a(WInterrupts.o)
                0x00001826                __vector_2
 .text.__vector_16
                0x00001874       0x94 G:\Develop\Atmel\Code\328P_DHT22_433_inside_sensor\328P_DHT22_433_inside_sensor\ArduinoCore\Debug\libArduinoCore.a(wiring.o)
                0x00001874                __vector_16
 .text.millis   0x00001908       0x18 G:\Develop\Atmel\Code\328P_DHT22_433_inside_sensor\328P_DHT22_433_inside_sensor\ArduinoCore\Debug\libArduinoCore.a(wiring.o)
                0x00001908                millis
 .text.micros   0x00001920       0x4a G:\Develop\Atmel\Code\328P_DHT22_433_inside_sensor\328P_DHT22_433_inside_sensor\ArduinoCore\Debug\libArduinoCore.a(wiring.o)
                0x00001920                micros
 .text.delay    0x0000196a       0x78 G:\Develop\Atmel\Code\328P_DHT22_433_inside_sensor\328P_DHT22_433_inside_sensor\ArduinoCore\Debug\libArduinoCore.a(wiring.o)
                0x0000196a                delay
 .text.delayMicroseconds
                0x000019e2       0x12 G:\Develop\Atmel\Code\328P_DHT22_433_inside_sensor\328P_DHT22_433_inside_sensor\ArduinoCore\Debug\libArduinoCore.a(wiring.o)
                0x000019e2                delayMicroseconds
 .text.init     0x000019f4       0x76 G:\Develop\Atmel\Code\328P_DHT22_433_inside_sensor\328P_DHT22_433_inside_sensor\ArduinoCore\Debug\libArduinoCore.a(wiring.o)
                0x000019f4                init
 .text.turnOffPWM
                0x00001a6a       0x52 G:\Develop\Atmel\Code\328P_DHT22_433_inside_sensor\328P_DHT22_433_inside_sensor\ArduinoCore\Debug\libArduinoCore.a(wiring_digital.o)
 .text.pinMode  0x00001abc       0x78 G:\Develop\Atmel\Code\328P_DHT22_433_inside_sensor\328P_DHT22_433_inside_sensor\ArduinoCore\Debug\libArduinoCore.a(wiring_digital.o)
                0x00001abc                pinMode
 .text.digitalWrite
                0x00001b34       0x5e G:\Develop\Atmel\Code\328P_DHT22_433_inside_sensor\328P_DHT22_433_inside_sensor\ArduinoCore\Debug\libArduinoCore.a(wiring_digital.o)
                0x00001b34                digitalWrite
 .text.digitalRead
                0x00001b92       0x52 G:\Develop\Atmel\Code\328P_DHT22_433_inside_sensor\328P_DHT22_433_inside_sensor\ArduinoCore\Debug\libArduinoCore.a(wiring_digital.o)
                0x00001b92                digitalRead
 .text._ZN6StringD2Ev
                0x00001be4        0xa G:\Develop\Atmel\Code\328P_DHT22_433_inside_sensor\328P_DHT22_433_inside_sensor\ArduinoCore\Debug\libArduinoCore.a(WString.o)
                0x00001be4                _ZN6StringD2Ev
                0x00001be4                _ZN6StringD1Ev
 .text._ZN6String10invalidateEv
                0x00001bee       0x24 G:\Develop\Atmel\Code\328P_DHT22_433_inside_sensor\328P_DHT22_433_inside_sensor\ArduinoCore\Debug\libArduinoCore.a(WString.o)
                0x00001bee                _ZN6String10invalidateEv
 .text._ZN6String12changeBufferEj
                0x00001c12       0x34 G:\Develop\Atmel\Code\328P_DHT22_433_inside_sensor\328P_DHT22_433_inside_sensor\ArduinoCore\Debug\libArduinoCore.a(WString.o)
                0x00001c12                _ZN6String12changeBufferEj
 .text._ZN6String7reserveEj
                0x00001c46       0x38 G:\Develop\Atmel\Code\328P_DHT22_433_inside_sensor\328P_DHT22_433_inside_sensor\ArduinoCore\Debug\libArduinoCore.a(WString.o)
                0x00001c46                _ZN6String7reserveEj
 .text._ZN6String4copyEPKcj
                0x00001c7e       0x42 G:\Develop\Atmel\Code\328P_DHT22_433_inside_sensor\328P_DHT22_433_inside_sensor\ArduinoCore\Debug\libArduinoCore.a(WString.o)
                0x00001c7e                _ZN6String4copyEPKcj
 .text._ZN6StringC2EPKc
                0x00001cc0       0x2a G:\Develop\Atmel\Code\328P_DHT22_433_inside_sensor\328P_DHT22_433_inside_sensor\ArduinoCore\Debug\libArduinoCore.a(WString.o)
                0x00001cc0                _ZN6StringC2EPKc
                0x00001cc0                _ZN6StringC1EPKc
 .text._ZN6StringaSEPKc
                0x00001cea       0x2e G:\Develop\Atmel\Code\328P_DHT22_433_inside_sensor\328P_DHT22_433_inside_sensor\ArduinoCore\Debug\libArduinoCore.a(WString.o)
                0x00001cea                _ZN6StringaSEPKc
 .text._ZN6StringC2Elh
                0x00001d18       0x5a G:\Develop\Atmel\Code\328P_DHT22_433_inside_sensor\328P_DHT22_433_inside_sensor\ArduinoCore\Debug\libArduinoCore.a(WString.o)
                0x00001d18                _ZN6StringC2Elh
                0x00001d18                _ZN6StringC1Elh
 .text.__empty  0x00001d72        0x2 G:\Develop\Atmel\Code\328P_DHT22_433_inside_sensor\328P_DHT22_433_inside_sensor\ArduinoCore\Debug\libArduinoCore.a(hooks.o)
                0x00001d72                yield
 .text.libgcc.div
                0x00001d74       0x28 g:/develop/atmel/studio/7.0/toolchain/avr8/avr8-gnu-toolchain/bin/../lib/gcc/avr/5.4.0/avr5\libgcc.a(_udivmodhi4.o)
                0x00001d74                __udivmodhi4
 .text.libgcc.div
                0x00001d9c       0x2e g:/develop/atmel/studio/7.0/toolchain/avr8/avr8-gnu-toolchain/bin/../lib/gcc/avr/5.4.0/avr5\libgcc.a(_divmodsi4.o)
                0x00001d9c                __divmodsi4
 .text.libgcc.div
                0x00001dca       0x10 g:/develop/atmel/studio/7.0/toolchain/avr8/avr8-gnu-toolchain/bin/../lib/gcc/avr/5.4.0/avr5\libgcc.a(_negsi2.o)
                0x00001dca                __negsi2
 .text.libgcc.div
                0x00001dda       0x44 g:/develop/atmel/studio/7.0/toolchain/avr8/avr8-gnu-toolchain/bin/../lib/gcc/avr/5.4.0/avr5\libgcc.a(_udivmodsi4.o)
                0x00001dda                __udivmodsi4
 .text.libgcc   0x00001e1e        0xc g:/develop/atmel/studio/7.0/toolchain/avr8/avr8-gnu-toolchain/bin/../lib/gcc/avr/5.4.0/avr5\libgcc.a(_tablejump2.o)
                0x00001e1e                __tablejump2__
 .text.avr-libc
                0x00001e2a      0x242 g:/develop/atmel/studio/7.0/toolchain/avr8/avr8-gnu-toolchain/bin/../lib/gcc/avr/5.4.0/../../../../avr/lib/avr5\libc.a(malloc.o)
                0x00001e2a                malloc
                0x00001f5a                free
 .text.avr-libc
                0x0000206c      0x18c g:/develop/atmel/studio/7.0/toolchain/avr8/avr8-gnu-toolchain/bin/../lib/gcc/avr/5.4.0/../../../../avr/lib/avr5\libc.a(realloc.o)
                0x0000206c                realloc
 .text.avr-libc
                0x000021f8       0x4e g:/develop/atmel/studio/7.0/toolchain/avr8/avr8-gnu-toolchain/bin/../lib/gcc/avr/5.4.0/../../../../avr/lib/avr5\libc.a(atol.o)
                0x000021f8                atol
 .text.avr-libc
                0x00002246       0x12 g:/develop/atmel/studio/7.0/toolchain/avr8/avr8-gnu-toolchain/bin/../lib/gcc/avr/5.4.0/../../../../avr/lib/avr5\libc.a(memcpy_P.o)
                0x00002246                memcpy_P
 .text.avr-libc
                0x00002258       0x12 g:/develop/atmel/studio/7.0/toolchain/avr8/avr8-gnu-toolchain/bin/../lib/gcc/avr/5.4.0/../../../../avr/lib/avr5\libc.a(memcpy.o)
                0x00002258                memcpy
 .text.avr-libc
                0x0000226a        0xe g:/develop/atmel/studio/7.0/toolchain/avr8/avr8-gnu-toolchain/bin/../lib/gcc/avr/5.4.0/../../../../avr/lib/avr5\libc.a(strcpy.o)
                0x0000226a                strcpy
 .text.avr-libc
                0x00002278       0x16 g:/develop/atmel/studio/7.0/toolchain/avr8/avr8-gnu-toolchain/bin/../lib/gcc/avr/5.4.0/../../../../avr/lib/avr5\libc.a(ltoa.o)
                0x00002278                ltoa
                0x00002278                __ltoa
 .text.avr-libc
                0x0000228e       0x1e g:/develop/atmel/studio/7.0/toolchain/avr8/avr8-gnu-toolchain/bin/../lib/gcc/avr/5.4.0/../../../../avr/lib/avr5\libc.a(ltoa_ncheck.o)
                0x0000228e                __ltoa_ncheck
 .text.avr-libc
                0x000022ac       0x2a g:/develop/atmel/studio/7.0/toolchain/avr8/avr8-gnu-toolchain/bin/../lib/gcc/avr/5.4.0/../../../../avr/lib/avr5\libc.a(mulsi10.o)
                0x000022ac                __mulsi_const_10
 .text.avr-libc
                0x000022d6       0x44 g:/develop/atmel/studio/7.0/toolchain/avr8/avr8-gnu-toolchain/bin/../lib/gcc/avr/5.4.0/../../../../avr/lib/avr5\libc.a(ultoa_ncheck.o)
                0x000022d6                __ultoa_ncheck
                0x000022d8                __ultoa_common
 .text.avr-libc
                0x0000231a       0x20 g:/develop/atmel/studio/7.0/toolchain/avr8/avr8-gnu-toolchain/bin/../lib/gcc/avr/5.4.0/../../../../avr/lib/avr5\libc.a(strrev.o)
                0x0000231a                strrev
 .text.avr-libc
                0x0000233a       0x20 g:/develop/atmel/studio/7.0/toolchain/avr8/avr8-gnu-toolchain/bin/../lib/gcc/avr/5.4.0/../../../../avr/lib/avr5\libatmega328p.a(eerd_block.o)
                0x0000233a                eeprom_read_block
                0x0000233e                eeprom_read_blraw
 .text.avr-libc
                0x0000235a       0x10 g:/develop/atmel/studio/7.0/toolchain/avr8/avr8-gnu-toolchain/bin/../lib/gcc/avr/5.4.0/../../../../avr/lib/avr5\libatmega328p.a(eerd_byte.o)
                0x0000235a                eeprom_read_byte
 .text.avr-libc
                0x0000236a       0x20 g:/develop/atmel/studio/7.0/toolchain/avr8/avr8-gnu-toolchain/bin/../lib/gcc/avr/5.4.0/../../../../avr/lib/avr5\libatmega328p.a(eeupd_block.o)
                0x0000236a                eeprom_update_block
 .text.avr-libc
                0x0000238a       0x24 g:/develop/atmel/studio/7.0/toolchain/avr8/avr8-gnu-toolchain/bin/../lib/gcc/avr/5.4.0/../../../../avr/lib/avr5\libatmega328p.a(eeupd_byte.o)
                0x0000238a                eeprom_update_byte
                0x0000238c                eeprom_update_r18
 .text.avr-libc
                0x000023ae       0x14 g:/develop/atmel/studio/7.0/toolchain/avr8/avr8-gnu-toolchain/bin/../lib/gcc/avr/5.4.0/../../../../avr/lib/avr5\libatmega328p.a(eewr_block.o)
                0x000023ae                eeprom_write_block
 .text.avr-libc
                0x000023c2       0x1c g:/develop/atmel/studio/7.0/toolchain/avr8/avr8-gnu-toolchain/bin/../lib/gcc/avr/5.4.0/../../../../avr/lib/avr5\libatmega328p.a(eewr_byte.o)
                0x000023c2                eeprom_write_byte
                0x000023c4                eeprom_write_r18
 .text.libgcc.prologue
                0x000023de       0x38 g:/develop/atmel/studio/7.0/toolchain/avr8/avr8-gnu-toolchain/bin/../lib/gcc/avr/5.4.0/avr5\libgcc.a(_prologue.o)
                0x000023de                __prologue_saves__
 .text.libgcc.prologue
                0x00002416       0x36 g:/develop/atmel/studio/7.0/toolchain/avr8/avr8-gnu-toolchain/bin/../lib/gcc/avr/5.4.0/avr5\libgcc.a(_epilogue.o)
                0x00002416                __epilogue_restores__
                0x0000244c                . = ALIGN (0x2)
 *(.fini9)
 .fini9         0x0000244c        0x0 g:/develop/atmel/studio/7.0/toolchain/avr8/avr8-gnu-toolchain/bin/../lib/gcc/avr/5.4.0/avr5\libgcc.a(_exit.o)
                0x0000244c                _exit
                0x0000244c                exit
 *(.fini9)
 *(.fini8)
 *(.fini8)
 *(.fini7)
 *(.fini7)
 *(.fini6)
 *(.fini6)
 *(.fini5)
 *(.fini5)
 *(.fini4)
 *(.fini4)
 *(.fini3)
 *(.fini3)
 *(.fini2)
 *(.fini2)
 *(.fini1)
 *(.fini1)
 *(.fini0)
 .fini0         0x0000244c        0x4 g:/develop/atmel/studio/7.0/toolchain/avr8/avr8-gnu-toolchain/bin/../lib/gcc/avr/5.4.0/avr5\libgcc.a(_exit.o)
 *(.fini0)
                0x00002450                _etext = .

.data           0x00800100       0x96 load address 0x00002450
                0x00800100                PROVIDE (__data_start, .)
 *(.data)
 .data          0x00800100        0x6 g:/develop/atmel/studio/7.0/toolchain/avr8/avr8-gnu-toolchain/bin/../lib/gcc/avr/5.4.0/../../../../avr/lib/avr5\libc.a(malloc.o)
                0x00800100                __malloc_heap_end
                0x00800102                __malloc_heap_start
                0x00800104                __malloc_margin
 *(.data*)
 .data.ee_address
                0x00800106        0x1 Sketch.o
                0x00800106                ee_address
 .data.fresh_eeprom
                0x00800107        0x1 Sketch.o
                0x00800107                fresh_eeprom
 .data.temperature
                0x00800108        0x4 Sketch.o
                0x00800108                temperature
 .data.humidity
                0x0080010c        0x4 Sketch.o
                0x0080010c                humidity
 .data._ZN8RCSwitch17nReceiveToleranceE
                0x00800110        0x2 src/libraries/rc-switch/RCSwitch.o
                0x00800110                _ZN8RCSwitch17nReceiveToleranceE
 .data.intFunc  0x00800112        0x4 G:\Develop\Atmel\Code\328P_DHT22_433_inside_sensor\328P_DHT22_433_inside_sensor\ArduinoCore\Debug\libArduinoCore.a(WInterrupts.o)
 *(.gnu.linkonce.d*)
 *(.rodata)
 *(.rodata*)
 .rodata.str1.1
                0x00800116       0x80 Sketch.o
 *(.gnu.linkonce.r*)
                0x00800196                . = ALIGN (0x2)
                0x00800196                _edata = .
                0x00800196                PROVIDE (__data_end, .)

.bss            0x00800196       0xe2
                0x00800196                PROVIDE (__bss_start, .)
 *(.bss)
 *(.bss*)
 .bss.ee_data_size
                0x00800196        0x1 Sketch.o
                0x00800196                ee_data_size
 .bss.ee_data   0x00800197        0xc Sketch.o
                0x00800197                ee_data
 .bss.temp_short_sleep
                0x008001a3        0x1 Sketch.o
                0x008001a3                temp_short_sleep
 .bss.dht       0x008001a4       0x1d Sketch.o
                0x008001a4                dht
 .bss.SleepTimer
                0x008001c1        0x2 Sketch.o
                0x008001c1                SleepTimer
 .bss.mySwitch  0x008001c3        0xf Sketch.o
                0x008001c3                mySwitch
 .bss.LowPower  0x008001d2        0x1 src/libraries/Low-Power/LowPower.o
                0x008001d2                LowPower
 .bss._ZZN8RCSwitch15handleInterruptEvE11changeCount
                0x008001d3        0x2 src/libraries/rc-switch/RCSwitch.o
 .bss._ZZN8RCSwitch15handleInterruptEvE11repeatCount
                0x008001d5        0x2 src/libraries/rc-switch/RCSwitch.o
 .bss._ZZN8RCSwitch15handleInterruptEvE8lastTime
                0x008001d7        0x4 src/libraries/rc-switch/RCSwitch.o
 .bss._ZN8RCSwitch7timingsE
                0x008001db       0x86 src/libraries/rc-switch/RCSwitch.o
                0x008001db                _ZN8RCSwitch7timingsE
 .bss._ZN8RCSwitch17nReceivedProtocolE
                0x00800261        0x2 src/libraries/rc-switch/RCSwitch.o
                0x00800261                _ZN8RCSwitch17nReceivedProtocolE
 .bss._ZN8RCSwitch14nReceivedDelayE
                0x00800263        0x2 src/libraries/rc-switch/RCSwitch.o
                0x00800263                _ZN8RCSwitch14nReceivedDelayE
 .bss._ZN8RCSwitch18nReceivedBitlengthE
                0x00800265        0x2 src/libraries/rc-switch/RCSwitch.o
                0x00800265                _ZN8RCSwitch18nReceivedBitlengthE
 .bss._ZN8RCSwitch14nReceivedValueE
                0x00800267        0x4 src/libraries/rc-switch/RCSwitch.o
                0x00800267                _ZN8RCSwitch14nReceivedValueE
 .bss.timer0_fract
                0x0080026b        0x1 G:\Develop\Atmel\Code\328P_DHT22_433_inside_sensor\328P_DHT22_433_inside_sensor\ArduinoCore\Debug\libArduinoCore.a(wiring.o)
 .bss.timer0_millis
                0x0080026c        0x4 G:\Develop\Atmel\Code\328P_DHT22_433_inside_sensor\328P_DHT22_433_inside_sensor\ArduinoCore\Debug\libArduinoCore.a(wiring.o)
                0x0080026c                timer0_millis
 .bss.timer0_overflow_count
                0x00800270        0x4 G:\Develop\Atmel\Code\328P_DHT22_433_inside_sensor\328P_DHT22_433_inside_sensor\ArduinoCore\Debug\libArduinoCore.a(wiring.o)
                0x00800270                timer0_overflow_count
 *(COMMON)
 COMMON         0x00800274        0x4 g:/develop/atmel/studio/7.0/toolchain/avr8/avr8-gnu-toolchain/bin/../lib/gcc/avr/5.4.0/../../../../avr/lib/avr5\libc.a(malloc.o)
                0x00800274                __brkval
                0x00800276                __flp
                0x00800278                PROVIDE (__bss_end, .)
                0x00002450                __data_load_start = LOADADDR (.data)
                0x000024e6                __data_load_end = (__data_load_start + SIZEOF (.data))

.noinit         0x00800278        0x0
                [!provide]                PROVIDE (__noinit_start, .)
 *(.noinit*)
                [!provide]                PROVIDE (__noinit_end, .)
                0x00800278                _end = .
                0x00800278                PROVIDE (__heap_start, .)

.eeprom         0x00810000        0x0
 *(.eeprom*)
                0x00810000                __eeprom_end = .

.fuse
 *(.fuse)
 *(.lfuse)
 *(.hfuse)
 *(.efuse)

.lock
 *(.lock*)

.signature
 *(.signature*)

.user_signatures
 *(.user_signatures*)

.stab
 *(.stab)

.stabstr
 *(.stabstr)

.stab.excl
 *(.stab.excl)

.stab.exclstr
 *(.stab.exclstr)

.stab.index
 *(.stab.index)

.stab.indexstr
 *(.stab.indexstr)

.comment        0x00000000       0x30
 *(.comment)
 .comment       0x00000000       0x30 Sketch.o
                                 0x31 (size before relaxing)
 .comment       0x00000030       0x31 src/libraries/DHTNEW/dhtnew.o
 .comment       0x00000030       0x31 src/libraries/Low-Power/LowPower.o
 .comment       0x00000030       0x31 src/libraries/rc-switch/RCSwitch.o
 .comment       0x00000030       0x31 G:\Develop\Atmel\Code\328P_DHT22_433_inside_sensor\328P_DHT22_433_inside_sensor\ArduinoCore\Debug\libArduinoCore.a(main.o)
 .comment       0x00000030       0x31 G:\Develop\Atmel\Code\328P_DHT22_433_inside_sensor\328P_DHT22_433_inside_sensor\ArduinoCore\Debug\libArduinoCore.a(WInterrupts.o)
 .comment       0x00000030       0x31 G:\Develop\Atmel\Code\328P_DHT22_433_inside_sensor\328P_DHT22_433_inside_sensor\ArduinoCore\Debug\libArduinoCore.a(wiring.o)
 .comment       0x00000030       0x31 G:\Develop\Atmel\Code\328P_DHT22_433_inside_sensor\328P_DHT22_433_inside_sensor\ArduinoCore\Debug\libArduinoCore.a(wiring_digital.o)
 .comment       0x00000030       0x31 G:\Develop\Atmel\Code\328P_DHT22_433_inside_sensor\328P_DHT22_433_inside_sensor\ArduinoCore\Debug\libArduinoCore.a(WString.o)
 .comment       0x00000030       0x31 G:\Develop\Atmel\Code\328P_DHT22_433_inside_sensor\328P_DHT22_433_inside_sensor\ArduinoCore\Debug\libArduinoCore.a(hooks.o)
 .comment       0x00000030       0x31 g:/develop/atmel/studio/7.0/toolchain/avr8/avr8-gnu-toolchain/bin/../lib/gcc/avr/5.4.0/../../../../avr/lib/avr5\libc.a(malloc.o)
 .comment       0x00000030       0x31 g:/develop/atmel/studio/7.0/toolchain/avr8/avr8-gnu-toolchain/bin/../lib/gcc/avr/5.4.0/../../../../avr/lib/avr5\libc.a(realloc.o)

.note.gnu.avr.deviceinfo
                0x00000000       0x40
 .note.gnu.avr.deviceinfo
                0x00000000       0x40 g:/develop/atmel/studio/7.0/toolchain/avr8/avr8-gnu-toolchain/bin/../lib/gcc/avr/5.4.0/../../../../avr/lib/avr5/crtatmega328p.o

.note.gnu.build-id
 *(.note.gnu.build-id)

.debug
 *(.debug)

.line
 *(.line)

.debug_srcinfo
 *(.debug_srcinfo)

.debug_sfnames
 *(.debug_sfnames)

.debug_aranges  0x00000000      0x640
 *(.debug_aranges)
 .debug_aranges
                0x00000000       0xa0 Sketch.o
 .debug_aranges
                0x000000a0       0x38 src/libraries/DHTNEW/dhtnew.o
 .debug_aranges
                0x000000d8       0x50 src/libraries/Low-Power/LowPower.o
 .debug_aranges
                0x00000128      0x150 src/libraries/rc-switch/RCSwitch.o
 .debug_aranges
                0x00000278       0x30 G:\Develop\Atmel\Code\328P_DHT22_433_inside_sensor\328P_DHT22_433_inside_sensor\ArduinoCore\Debug\libArduinoCore.a(main.o)
 .debug_aranges
                0x000002a8       0x40 G:\Develop\Atmel\Code\328P_DHT22_433_inside_sensor\328P_DHT22_433_inside_sensor\ArduinoCore\Debug\libArduinoCore.a(WInterrupts.o)
 .debug_aranges
                0x000002e8       0x48 G:\Develop\Atmel\Code\328P_DHT22_433_inside_sensor\328P_DHT22_433_inside_sensor\ArduinoCore\Debug\libArduinoCore.a(wiring.o)
 .debug_aranges
                0x00000330       0x38 G:\Develop\Atmel\Code\328P_DHT22_433_inside_sensor\328P_DHT22_433_inside_sensor\ArduinoCore\Debug\libArduinoCore.a(wiring_digital.o)
 .debug_aranges
                0x00000368      0x2b8 G:\Develop\Atmel\Code\328P_DHT22_433_inside_sensor\328P_DHT22_433_inside_sensor\ArduinoCore\Debug\libArduinoCore.a(WString.o)
 .debug_aranges
                0x00000620       0x20 G:\Develop\Atmel\Code\328P_DHT22_433_inside_sensor\328P_DHT22_433_inside_sensor\ArduinoCore\Debug\libArduinoCore.a(hooks.o)

.debug_pubnames
 *(.debug_pubnames)

.debug_info     0x00000000     0xad78
 *(.debug_info .gnu.linkonce.wi.*)
 .debug_info    0x00000000      0x5f4 g:/develop/atmel/studio/7.0/toolchain/avr8/avr8-gnu-toolchain/bin/../lib/gcc/avr/5.4.0/../../../../avr/lib/avr5/crtatmega328p.o
 .debug_info    0x000005f4     0x2bda Sketch.o
 .debug_info    0x000031ce      0x6dc src/libraries/DHTNEW/dhtnew.o
 .debug_info    0x000038aa      0x81f src/libraries/Low-Power/LowPower.o
 .debug_info    0x000040c9     0x1c1d src/libraries/rc-switch/RCSwitch.o
 .debug_info    0x00005ce6      0x237 G:\Develop\Atmel\Code\328P_DHT22_433_inside_sensor\328P_DHT22_433_inside_sensor\ArduinoCore\Debug\libArduinoCore.a(main.o)
 .debug_info    0x00005f1d      0x21c G:\Develop\Atmel\Code\328P_DHT22_433_inside_sensor\328P_DHT22_433_inside_sensor\ArduinoCore\Debug\libArduinoCore.a(WInterrupts.o)
 .debug_info    0x00006139      0x2cb G:\Develop\Atmel\Code\328P_DHT22_433_inside_sensor\328P_DHT22_433_inside_sensor\ArduinoCore\Debug\libArduinoCore.a(wiring.o)
 .debug_info    0x00006404      0x5fe G:\Develop\Atmel\Code\328P_DHT22_433_inside_sensor\328P_DHT22_433_inside_sensor\ArduinoCore\Debug\libArduinoCore.a(wiring_digital.o)
 .debug_info    0x00006a02     0x4338 G:\Develop\Atmel\Code\328P_DHT22_433_inside_sensor\328P_DHT22_433_inside_sensor\ArduinoCore\Debug\libArduinoCore.a(WString.o)
 .debug_info    0x0000ad3a       0x3e G:\Develop\Atmel\Code\328P_DHT22_433_inside_sensor\328P_DHT22_433_inside_sensor\ArduinoCore\Debug\libArduinoCore.a(hooks.o)

.debug_abbrev   0x00000000     0x1d8a
 *(.debug_abbrev)
 .debug_abbrev  0x00000000      0x5a2 g:/develop/atmel/studio/7.0/toolchain/avr8/avr8-gnu-toolchain/bin/../lib/gcc/avr/5.4.0/../../../../avr/lib/avr5/crtatmega328p.o
 .debug_abbrev  0x000005a2      0x544 Sketch.o
 .debug_abbrev  0x00000ae6      0x267 src/libraries/DHTNEW/dhtnew.o
 .debug_abbrev  0x00000d4d      0x24c src/libraries/Low-Power/LowPower.o
 .debug_abbrev  0x00000f99      0x43b src/libraries/rc-switch/RCSwitch.o
 .debug_abbrev  0x000013d4      0x12d G:\Develop\Atmel\Code\328P_DHT22_433_inside_sensor\328P_DHT22_433_inside_sensor\ArduinoCore\Debug\libArduinoCore.a(main.o)
 .debug_abbrev  0x00001501       0xfc G:\Develop\Atmel\Code\328P_DHT22_433_inside_sensor\328P_DHT22_433_inside_sensor\ArduinoCore\Debug\libArduinoCore.a(WInterrupts.o)
 .debug_abbrev  0x000015fd      0x146 G:\Develop\Atmel\Code\328P_DHT22_433_inside_sensor\328P_DHT22_433_inside_sensor\ArduinoCore\Debug\libArduinoCore.a(wiring.o)
 .debug_abbrev  0x00001743      0x15b G:\Develop\Atmel\Code\328P_DHT22_433_inside_sensor\328P_DHT22_433_inside_sensor\ArduinoCore\Debug\libArduinoCore.a(wiring_digital.o)
 .debug_abbrev  0x0000189e      0x4c2 G:\Develop\Atmel\Code\328P_DHT22_433_inside_sensor\328P_DHT22_433_inside_sensor\ArduinoCore\Debug\libArduinoCore.a(WString.o)
 .debug_abbrev  0x00001d60       0x2a G:\Develop\Atmel\Code\328P_DHT22_433_inside_sensor\328P_DHT22_433_inside_sensor\ArduinoCore\Debug\libArduinoCore.a(hooks.o)

.debug_line     0x00000000     0x377e
 *(.debug_line .debug_line.* .debug_line_end)
 .debug_line    0x00000000       0x1a g:/develop/atmel/studio/7.0/toolchain/avr8/avr8-gnu-toolchain/bin/../lib/gcc/avr/5.4.0/../../../../avr/lib/avr5/crtatmega328p.o
 .debug_line    0x0000001a      0x799 Sketch.o
 .debug_line    0x000007b3      0x2f7 src/libraries/DHTNEW/dhtnew.o
 .debug_line    0x00000aaa      0x606 src/libraries/Low-Power/LowPower.o
 .debug_line    0x000010b0      0xb9b src/libraries/rc-switch/RCSwitch.o
 .debug_line    0x00001c4b      0x159 G:\Develop\Atmel\Code\328P_DHT22_433_inside_sensor\328P_DHT22_433_inside_sensor\ArduinoCore\Debug\libArduinoCore.a(main.o)
 .debug_line    0x00001da4      0x194 G:\Develop\Atmel\Code\328P_DHT22_433_inside_sensor\328P_DHT22_433_inside_sensor\ArduinoCore\Debug\libArduinoCore.a(WInterrupts.o)
 .debug_line    0x00001f38      0x28e G:\Develop\Atmel\Code\328P_DHT22_433_inside_sensor\328P_DHT22_433_inside_sensor\ArduinoCore\Debug\libArduinoCore.a(wiring.o)
 .debug_line    0x000021c6      0x246 G:\Develop\Atmel\Code\328P_DHT22_433_inside_sensor\328P_DHT22_433_inside_sensor\ArduinoCore\Debug\libArduinoCore.a(wiring_digital.o)
 .debug_line    0x0000240c     0x1331 G:\Develop\Atmel\Code\328P_DHT22_433_inside_sensor\328P_DHT22_433_inside_sensor\ArduinoCore\Debug\libArduinoCore.a(WString.o)
 .debug_line    0x0000373d       0x41 G:\Develop\Atmel\Code\328P_DHT22_433_inside_sensor\328P_DHT22_433_inside_sensor\ArduinoCore\Debug\libArduinoCore.a(hooks.o)

.debug_frame    0x00000000     0x15a8
 *(.debug_frame)
 .debug_frame   0x00000000      0x284 Sketch.o
 .debug_frame   0x00000284       0xcc src/libraries/DHTNEW/dhtnew.o
 .debug_frame   0x00000350       0xcc src/libraries/Low-Power/LowPower.o
 .debug_frame   0x0000041c      0x480 src/libraries/rc-switch/RCSwitch.o
 .debug_frame   0x0000089c       0x54 G:\Develop\Atmel\Code\328P_DHT22_433_inside_sensor\328P_DHT22_433_inside_sensor\ArduinoCore\Debug\libArduinoCore.a(main.o)
 .debug_frame   0x000008f0       0xf4 G:\Develop\Atmel\Code\328P_DHT22_433_inside_sensor\328P_DHT22_433_inside_sensor\ArduinoCore\Debug\libArduinoCore.a(WInterrupts.o)
 .debug_frame   0x000009e4       0xc4 G:\Develop\Atmel\Code\328P_DHT22_433_inside_sensor\328P_DHT22_433_inside_sensor\ArduinoCore\Debug\libArduinoCore.a(wiring.o)
 .debug_frame   0x00000aa8       0x7c G:\Develop\Atmel\Code\328P_DHT22_433_inside_sensor\328P_DHT22_433_inside_sensor\ArduinoCore\Debug\libArduinoCore.a(wiring_digital.o)
 .debug_frame   0x00000b24      0xa60 G:\Develop\Atmel\Code\328P_DHT22_433_inside_sensor\328P_DHT22_433_inside_sensor\ArduinoCore\Debug\libArduinoCore.a(WString.o)
 .debug_frame   0x00001584       0x24 G:\Develop\Atmel\Code\328P_DHT22_433_inside_sensor\328P_DHT22_433_inside_sensor\ArduinoCore\Debug\libArduinoCore.a(hooks.o)

.debug_str      0x00000000     0x2a24
 *(.debug_str)
 .debug_str     0x00000000      0x208 g:/develop/atmel/studio/7.0/toolchain/avr8/avr8-gnu-toolchain/bin/../lib/gcc/avr/5.4.0/../../../../avr/lib/avr5/crtatmega328p.o
 .debug_str     0x00000208     0x1d49 Sketch.o
                               0x1e63 (size before relaxing)
 .debug_str     0x00001f51       0x69 src/libraries/DHTNEW/dhtnew.o
                                0x509 (size before relaxing)
 .debug_str     0x00001fba       0x8a src/libraries/Low-Power/LowPower.o
                                0x62c (size before relaxing)
 .debug_str     0x00002044      0x29c src/libraries/rc-switch/RCSwitch.o
                                0xc45 (size before relaxing)
 .debug_str     0x000022e0       0xbc G:\Develop\Atmel\Code\328P_DHT22_433_inside_sensor\328P_DHT22_433_inside_sensor\ArduinoCore\Debug\libArduinoCore.a(main.o)
                                0x2c1 (size before relaxing)
 .debug_str     0x0000239c      0x13b G:\Develop\Atmel\Code\328P_DHT22_433_inside_sensor\328P_DHT22_433_inside_sensor\ArduinoCore\Debug\libArduinoCore.a(WInterrupts.o)
                                0x244 (size before relaxing)
 .debug_str     0x000024d7       0x66 G:\Develop\Atmel\Code\328P_DHT22_433_inside_sensor\328P_DHT22_433_inside_sensor\ArduinoCore\Debug\libArduinoCore.a(wiring.o)
                                0x257 (size before relaxing)
 .debug_str     0x0000253d       0xc8 G:\Develop\Atmel\Code\328P_DHT22_433_inside_sensor\328P_DHT22_433_inside_sensor\ArduinoCore\Debug\libArduinoCore.a(wiring_digital.o)
                                0x2bc (size before relaxing)
 .debug_str     0x00002605      0x403 G:\Develop\Atmel\Code\328P_DHT22_433_inside_sensor\328P_DHT22_433_inside_sensor\ArduinoCore\Debug\libArduinoCore.a(WString.o)
                               0x11a2 (size before relaxing)
 .debug_str     0x00002a08       0x1c G:\Develop\Atmel\Code\328P_DHT22_433_inside_sensor\328P_DHT22_433_inside_sensor\ArduinoCore\Debug\libArduinoCore.a(hooks.o)
                                0x14c (size before relaxing)

.debug_loc      0x00000000     0x7924
 *(.debug_loc)
 .debug_loc     0x00000000      0x735 Sketch.o
 .debug_loc     0x00000735      0x495 src/libraries/DHTNEW/dhtnew.o
 .debug_loc     0x00000bca      0x5a3 src/libraries/Low-Power/LowPower.o
 .debug_loc     0x0000116d     0x1acc src/libraries/rc-switch/RCSwitch.o
 .debug_loc     0x00002c39      0x235 G:\Develop\Atmel\Code\328P_DHT22_433_inside_sensor\328P_DHT22_433_inside_sensor\ArduinoCore\Debug\libArduinoCore.a(WInterrupts.o)
 .debug_loc     0x00002e6e      0x28d G:\Develop\Atmel\Code\328P_DHT22_433_inside_sensor\328P_DHT22_433_inside_sensor\ArduinoCore\Debug\libArduinoCore.a(wiring.o)
 .debug_loc     0x000030fb      0x5fc G:\Develop\Atmel\Code\328P_DHT22_433_inside_sensor\328P_DHT22_433_inside_sensor\ArduinoCore\Debug\libArduinoCore.a(wiring_digital.o)
 .debug_loc     0x000036f7     0x422d G:\Develop\Atmel\Code\328P_DHT22_433_inside_sensor\328P_DHT22_433_inside_sensor\ArduinoCore\Debug\libArduinoCore.a(WString.o)

.debug_macinfo
 *(.debug_macinfo)

.debug_weaknames
 *(.debug_weaknames)

.debug_funcnames
 *(.debug_funcnames)

.debug_typenames
 *(.debug_typenames)

.debug_varnames
 *(.debug_varnames)

.debug_pubtypes
 *(.debug_pubtypes)

.debug_ranges   0x00000000      0x638
 *(.debug_ranges)
 .debug_ranges  0x00000000       0x90 Sketch.o
 .debug_ranges  0x00000090       0x28 src/libraries/DHTNEW/dhtnew.o
 .debug_ranges  0x000000b8       0x40 src/libraries/Low-Power/LowPower.o
 .debug_ranges  0x000000f8      0x188 src/libraries/rc-switch/RCSwitch.o
 .debug_ranges  0x00000280       0x20 G:\Develop\Atmel\Code\328P_DHT22_433_inside_sensor\328P_DHT22_433_inside_sensor\ArduinoCore\Debug\libArduinoCore.a(main.o)
 .debug_ranges  0x000002a0       0x30 G:\Develop\Atmel\Code\328P_DHT22_433_inside_sensor\328P_DHT22_433_inside_sensor\ArduinoCore\Debug\libArduinoCore.a(WInterrupts.o)
 .debug_ranges  0x000002d0       0x38 G:\Develop\Atmel\Code\328P_DHT22_433_inside_sensor\328P_DHT22_433_inside_sensor\ArduinoCore\Debug\libArduinoCore.a(wiring.o)
 .debug_ranges  0x00000308       0x28 G:\Develop\Atmel\Code\328P_DHT22_433_inside_sensor\328P_DHT22_433_inside_sensor\ArduinoCore\Debug\libArduinoCore.a(wiring_digital.o)
 .debug_ranges  0x00000330      0x2f8 G:\Develop\Atmel\Code\328P_DHT22_433_inside_sensor\328P_DHT22_433_inside_sensor\ArduinoCore\Debug\libArduinoCore.a(WString.o)
 .debug_ranges  0x00000628       0x10 G:\Develop\Atmel\Code\328P_DHT22_433_inside_sensor\328P_DHT22_433_inside_sensor\ArduinoCore\Debug\libArduinoCore.a(hooks.o)

.debug_macro
 *(.debug_macro)
OUTPUT(low_power_sensor_inside.elf elf32-avr)
LOAD linker stubs
